Component: ARM Compiler 5.06 update 6 (build 750) Tool: armlink [4d35ed]

==============================================================================

Section Cross References

    main.o(.text) refers to delay.o(.text) for delay_init
    main.o(.text) refers to usart.o(.text) for uart_init
    main.o(.text) refers to key.o(.text) for BEEP_Init
    main.o(.text) refers to noretval__2printf.o(.text) for __2printf
    main.o(.text) refers to sweep.o(.text) for TIM4_Int_Init_2
    main.o(.text) refers to stm32f4xx_tim.o(.text) for TIM_Cmd
    main.o(.text) refers to adc.o(.text) for Adc_Init
    main.o(.text) refers to arm_cfft_radix4_init_f32.o(.text) for arm_cfft_radix4_init_f32
    main.o(.text) refers to button_app.o(.text) for TFT_LCD_Init
    main.o(.text) refers to lcd.o(.text) for LCD_ShowxNum
    main.o(.text) refers to dfltll_clz.o(x$fpl$dfltll) for __aeabi_l2d
    main.o(.text) refers to ddiv.o(x$fpl$ddiv) for __aeabi_ddiv
    main.o(.text) refers to dmul.o(x$fpl$dmul) for __aeabi_dmul
    main.o(.text) refers to dfixu.o(x$fpl$dfixu) for __aeabi_d2uiz
    main.o(.text) refers to dac.o(.text) for Show_Wave
    main.o(.text) refers to arm_cfft_radix4_f32.o(.text) for arm_cfft_radix4_f32
    main.o(.text) refers to arm_cmplx_mag_f32.o(.text) for arm_cmplx_mag_f32
    main.o(.text) refers to arm_max_f32.o(.text) for arm_max_f32
    main.o(.text) refers to f2d.o(x$fpl$f2d) for __aeabi_f2d
    main.o(.text) refers to daddsub_clz.o(x$fpl$dadd) for __aeabi_dadd
    main.o(.text) refers to d2f.o(x$fpl$d2f) for __aeabi_d2f
    main.o(.text) refers to main.o(.data) for Recent_A
    main.o(.text) refers to touch.o(.data) for tp_dev
    main.o(.text) refers to button_app.o(.data) for A_judge
    main.o(.text) refers to main.o(.bss) for adc_get
    system_stm32f4xx.o(.text) refers to system_stm32f4xx.o(.data) for SystemCoreClock
    lcd.o(.text) refers to _printf_percent.o(.ARM.Collect$$_printf_percent$$00000000) for _printf_percent
    lcd.o(.text) refers to _printf_x.o(.ARM.Collect$$_printf_percent$$0000000C) for _printf_x
    lcd.o(.text) refers to _printf_hex_int.o(.text) for _printf_longlong_hex
    lcd.o(.text) refers to delay.o(.text) for delay_us
    lcd.o(.text) refers to lcd.o(.bss) for lcddev
    lcd.o(.text) refers to lcd.o(.data) for POINT_COLOR
    lcd.o(.text) refers to dflt_clz.o(x$fpl$dfltu) for __aeabi_ui2d
    lcd.o(.text) refers to dmul.o(x$fpl$dmul) for __aeabi_dmul
    lcd.o(.text) refers to dfixu.o(x$fpl$dfixu) for __aeabi_d2uiz
    lcd.o(.text) refers to stm32f4xx_rcc.o(.text) for RCC_AHB1PeriphClockCmd
    lcd.o(.text) refers to stm32f4xx_gpio.o(.text) for GPIO_Init
    lcd.o(.text) refers to stm32f4xx_fsmc.o(.text) for FSMC_NORSRAMInit
    lcd.o(.text) refers to noretval__2printf.o(.text) for __2printf
    lcd.o(.text) refers to lcd.o(.constdata) for asc2_1206
    dac.o(.text) refers to stm32f4xx_rcc.o(.text) for RCC_AHB1PeriphClockCmd
    dac.o(.text) refers to stm32f4xx_gpio.o(.text) for GPIO_Init
    dac.o(.text) refers to stm32f4xx_dac.o(.text) for DAC_Init
    dac.o(.text) refers to stm32f4xx_dma.o(.text) for DMA_Cmd
    dac.o(.text) refers to stm32f4xx_tim.o(.text) for TIM_Cmd
    dac.o(.text) refers to lcd.o(.text) for LCD_Fast_DrawPoint
    dac.o(.text) refers to system_stm32f4xx.o(.data) for SystemCoreClock
    dac.o(.text) refers to dac.o(.bss) for g_Wave1
    dac.o(.text) refers to dac.o(.constdata) for g_SineWave128
    dac.o(.text) refers to f2d.o(x$fpl$f2d) for __aeabi_f2d
    dac.o(.text) refers to sin.o(i.__hardfp_sin) for __hardfp_sin
    dac.o(.text) refers to daddsub_clz.o(x$fpl$dadd) for __aeabi_dadd
    dac.o(.text) refers to dflt_clz.o(x$fpl$dfltu) for __aeabi_ui2d
    dac.o(.text) refers to dmul.o(x$fpl$dmul) for __aeabi_dmul
    dac.o(.text) refers to dfixu.o(x$fpl$dfixu) for __aeabi_d2uiz
    24cxx.o(.text) refers to myiic.o(.text) for IIC_Init
    24cxx.o(.text) refers to delay.o(.text) for delay_ms
    myiic.o(.text) refers to stm32f4xx_rcc.o(.text) for RCC_AHB1PeriphClockCmd
    myiic.o(.text) refers to stm32f4xx_gpio.o(.text) for GPIO_Init
    myiic.o(.text) refers to delay.o(.text) for delay_us
    key.o(.text) refers to stm32f4xx_rcc.o(.text) for RCC_AHB1PeriphClockCmd
    key.o(.text) refers to stm32f4xx_gpio.o(.text) for GPIO_Init
    key.o(.text) refers to delay.o(.text) for delay_ms
    key.o(.text) refers to key.o(.data) for key_up
    led.o(.text) refers to stm32f4xx_rcc.o(.text) for RCC_AHB1PeriphClockCmd
    led.o(.text) refers to stm32f4xx_gpio.o(.text) for GPIO_Init
    ctiic.o(.text) refers to delay.o(.text) for delay_us
    ctiic.o(.text) refers to stm32f4xx_rcc.o(.text) for RCC_AHB1PeriphClockCmd
    ctiic.o(.text) refers to stm32f4xx_gpio.o(.text) for GPIO_Init
    ft5206.o(.text) refers to _printf_percent.o(.ARM.Collect$$_printf_percent$$00000000) for _printf_percent
    ft5206.o(.text) refers to _printf_x.o(.ARM.Collect$$_printf_percent$$0000000C) for _printf_x
[...]
    LCD_WriteReg                             0x08000a8f   Thumb Code    14  lcd.o(.text)
    LCD_ReadReg                              0x08000a9d   Thumb Code    22  lcd.o(.text)
    LCD_WriteRAM_Prepare                     0x08000ab3   Thumb Code    10  lcd.o(.text)
    LCD_WriteRAM                             0x08000abd   Thumb Code     8  lcd.o(.text)
    LCD_BGR2RGB                              0x08000ac5   Thumb Code    26  lcd.o(.text)
    opt_delay                                0x08000adf   Thumb Code    14  lcd.o(.text)
    LCD_SetCursor                            0x08000aed   Thumb Code   418  lcd.o(.text)
    LCD_ReadPoint                            0x08000c8f   Thumb Code   360  lcd.o(.text)
    LCD_DisplayOn                            0x08000df7   Thumb Code   102  lcd.o(.text)
    LCD_DisplayOff                           0x08000e5d   Thumb Code    90  lcd.o(.text)
    LCD_Scan_Dir                             0x08000eb7   Thumb Code   744  lcd.o(.text)
    LCD_DrawPoint                            0x0800119f   Thumb Code    28  lcd.o(.text)
    LCD_Fast_DrawPoint                       0x080011bb   Thumb Code   388  lcd.o(.text)
    LCD_SSD_BackLightSet                     0x0800133f   Thumb Code    88  lcd.o(.text)
    LCD_Display_Dir                          0x08001397   Thumb Code   444  lcd.o(.text)
    LCD_Set_Window                           0x08001553   Thumb Code   546  lcd.o(.text)
    LCD_Clear                                0x08001775   Thumb Code   100  lcd.o(.text)
    LCD_Init                                 0x080017d9   Thumb Code 14696  lcd.o(.text)
    LCD_Fill                                 0x08005141   Thumb Code   180  lcd.o(.text)
    LCD_Color_Fill                           0x080051f5   Thumb Code   100  lcd.o(.text)
    LCD_DrawLine                             0x08005259   Thumb Code   176  lcd.o(.text)
    LCD_DrawRectangle                        0x08005309   Thumb Code    60  lcd.o(.text)
    LCD_Draw_Circle                          0x08005345   Thumb Code   152  lcd.o(.text)
    LCD_ShowChar                             0x080053dd   Thumb Code   272  lcd.o(.text)
    LCD_Pow                                  0x080054ed   Thumb Code    22  lcd.o(.text)
    LCD_ShowNum                              0x08005503   Thumb Code   148  lcd.o(.text)
    LCD_ShowxNum                             0x08005597   Thumb Code   220  lcd.o(.text)
    LCD_ShowString                           0x08005673   Thumb Code   102  lcd.o(.text)
    bsp_InitDAC1                             0x080056d9   Thumb Code    72  dac.o(.text)
    dac1_InitForDMA                          0x08005721   Thumb Code   290  dac.o(.text)
    dac1_SetRectWave                         0x08005843   Thumb Code    78  dac.o(.text)
    dac1_SetRectWave_100kHz                  0x08005891   Thumb Code    78  dac.o(.text)
    dac1_SetSinWave                          0x080058df   Thumb Code    70  dac.o(.text)
    dac1_SetSinWave_100kHz                   0x08005925   Thumb Code    70  dac.o(.text)
    dac1_SetTriWave                          0x0800596b   Thumb Code   122  dac.o(.text)
    dac1_SetTriWave_100kHz                   0x080059e5   Thumb Code   122  dac.o(.text)
    Show_Wave                                0x08005a5f   Thumb Code    76  dac.o(.text)
    TIM2_Int_Init                            0x08005aab   Thumb Code    94  dac.o(.text)
    Dac1_Init                                0x08005b09   Thumb Code   178  dac.o(.text)
    Signal_Generator                         0x08005bbb   Thumb Code   416  dac.o(.text)
    AT24CXX_Init                             0x08005d89   Thumb Code     8  24cxx.o(.text)
    AT24CXX_ReadOneByte                      0x08005d91   Thumb Code    88  24cxx.o(.text)
    AT24CXX_WriteOneByte                     0x08005de9   Thumb Code    80  24cxx.o(.text)
    AT24CXX_WriteLenByte                     0x08005e39   Thumb Code    42  24cxx.o(.text)
    AT24CXX_ReadLenByte                      0x08005e63   Thumb Code    44  24cxx.o(.text)
    AT24CXX_Check                            0x08005e8f   Thumb Code    46  24cxx.o(.text)
    AT24CXX_Read                             0x08005ebd   Thumb Code    34  24cxx.o(.text)
    AT24CXX_Write                            0x08005edf   Thumb Code    36  24cxx.o(.text)
    IIC_Init                                 0x08005f05   Thumb Code    62  myiic.o(.text)
    IIC_Start                                0x08005f43   Thumb Code    68  myiic.o(.text)
    IIC_Stop                                 0x08005f87   Thumb Code    62  myiic.o(.text)
    IIC_Wait_Ack                             0x08005fc5   Thumb Code    82  myiic.o(.text)
    IIC_Ack                                  0x08006017   Thumb Code    66  myiic.o(.text)
    IIC_NAck                                 0x08006059   Thumb Code    66  myiic.o(.text)
    IIC_Send_Byte                            0x0800609b   Thumb Code    90  myiic.o(.text)
    IIC_Read_Byte                            0x080060f5   Thumb Code    94  myiic.o(.text)
    KEY_Init                                 0x08006161   Thumb Code    60  key.o(.text)
    KEY_Scan                                 0x0800619d   Thumb Code   188  key.o(.text)
    BEEP_Init                                0x08006259   Thumb Code    60  key.o(.text)
    beee                                     0x08006295   Thumb Code    30  key.o(.text)
    LED_Init                                 0x080062c5   Thumb Code    60  led.o(.text)
    CT_Delay                                 0x08006305   Thumb Code    10  ctiic.o(.text)
    CT_IIC_Init                              0x0800630f   Thumb Code    60  ctiic.o(.text)
    CT_IIC_Start                             0x0800634b   Thumb Code    62  ctiic.o(.text)
    CT_IIC_Stop                              0x08006389   Thumb Code    56  ctiic.o(.text)
    CT_IIC_Wait_Ack                          0x080063c1   Thumb Code    78  ctiic.o(.text)
    CT_IIC_Ack                               0x0800640f   Thumb Code    66  ctiic.o(.text)
    CT_IIC_NAck                              0x08006451   Thumb Code    66  ctiic.o(.text)
    CT_IIC_Send_Byte                         0x08006493   Thumb Code    82  ctiic.o(.text)
    CT_IIC_Read_Byte                         0x080064e5   Thumb Code    92  ctiic.o(.text)
    FT5206_WR_Reg                            0x08006559   Thumb Code    82  ft5206.o(.text)
    FT5206_RD_Reg                            0x080065ab   Thumb Code    88  ft5206.o(.text)
    FT5206_Init                              0x08006603   Thumb Code   202  ft5206.o(.text)
    FT5206_Scan                              0x080066cd   Thumb Code   400  ft5206.o(.text)
    GT9147_WR_Reg                            0x08006885   Thumb Code    92  gt9147.o(.text)
    GT9147_Send_Cfg                          0x080068e1   Thumb Code    86  gt9147.o(.text)
    GT9147_RD_Reg                            0x08006937   Thumb Code    98  gt9147.o(.text)
    GT9147_Init                              0x08006999   Thumb Code   248  gt9147.o(.text)
    GT9147_Scan                              0x08006a91   Thumb Code   470  gt9147.o(.text)
    OTT2001A_WR_Reg                          0x08006cb5   Thumb Code    92  ott2001a.o(.text)
    OTT2001A_RD_Reg                          0x08006d11   Thumb Code    98  ott2001a.o(.text)
    OTT2001A_SensorControl                   0x08006d73   Thumb Code    28  ott2001a.o(.text)
    OTT2001A_Init                            0x08006d8f   Thumb Code   142  ott2001a.o(.text)
    OTT2001A_Scan                            0x08006e1d   Thumb Code   478  ott2001a.o(.text)
    TP_Write_Byte                            0x0800703d   Thumb Code    64  touch.o(.text)
    TP_Read_AD                               0x0800707d   Thumb Code   132  touch.o(.text)
    TP_Read_XOY                              0x08007101   Thumb Code   120  touch.o(.text)
    TP_Read_XY                               0x08007179   Thumb Code    38  touch.o(.text)
    TP_Read_XY2                              0x0800719f   Thumb Code   192  touch.o(.text)
    TP_Drow_Touch_Point                      0x0800725f   Thumb Code   108  touch.o(.text)
    TP_Draw_Big_Point                        0x080072cb   Thumb Code    54  touch.o(.text)
    TP_Scan                                  0x08007301   Thumb Code   244  touch.o(.text)
    TP_Save_Adjdata                          0x080073f5   Thumb Code   166  touch.o(.text)
    TP_Get_Adjdata                           0x0800749b   Thumb Code   160  touch.o(.text)
    TP_Adj_Info_Show                         0x0800753b   Thumb Code   374  touch.o(.text)
    TP_Adjust                                0x080076b1   Thumb Code  2290  touch.o(.text)
    TP_Init                                  0x08007fa3   Thumb Code   290  touch.o(.text)
    bsp_GUI_Init                             0x0800811d   Thumb Code  1666  button_app.o(.text)
    Button_App                               0x0800879f   Thumb Code  4758  button_app.o(.text)
    Load_Drow_Dialog                         0x08009a35   Thumb Code    22  button_app.o(.text)
    gui_draw_hline                           0x08009a4b   Thumb Code    98  button_app.o(.text)
    gui_fill_circle                          0x08009aad   Thumb Code   176  button_app.o(.text)
    my_abs                                   0x08009b5d   Thumb Code    18  button_app.o(.text)
    lcd_draw_bline                           0x08009b6f   Thumb Code   212  button_app.o(.text)
    TFT_LCD_Init                             0x08009c43   Thumb Code    60  button_app.o(.text)
    Adc_Init                                 0x08009c89   Thumb Code   124  adc.o(.text)
    Get_Adc                                  0x08009d05   Thumb Code    44  adc.o(.text)
    Get_Adc_Average                          0x08009d31   Thumb Code    46  adc.o(.text)
    TIM3_Int_Init_2                          0x08009d5f   Thumb Code    88  adc.o(.text)
    TIM3_IRQHandler                          0x08009db7   Thumb Code    76  adc.o(.text)
    TIM4_Int_Init_2                          0x08009e1d   Thumb Code    96  sweep.o(.text)
    TIM4_IRQHandler                          0x08009e7d   Thumb Code   302  sweep.o(.text)
    delay_init                               0x08009fbd   Thumb Code    52  delay.o(.text)
    delay_us                                 0x08009ff1   Thumb Code    72  delay.o(.text)
    delay_xms                                0x0800a039   Thumb Code    72  delay.o(.text)
    delay_ms                                 0x0800a081   Thumb Code    56  delay.o(.text)
    _sys_exit                                0x0800a0c1   Thumb Code     4  usart.o(.text)
    fputc                                    0x0800a0c5   Thumb Code    22  usart.o(.text)
    uart_init                                0x0800a0db   Thumb Code   164  usart.o(.text)
    USART1_IRQHandler                        0x0800a17f   Thumb Code   122  usart.o(.text)
    Reset_Handler                            0x0800a209   Thumb Code     8  startup_stm32f40_41xxx.o(.text)
    ADC_IRQHandler                           0x0800a223   Thumb Code     0  startup_stm32f40_41xxx.o(.text)
    CAN1_RX0_IRQHandler                      0x0800a223   Thumb Code     0  startup_stm32f40_41xxx.o(.text)
    CAN1_RX1_IRQHandler                      0x0800a223   Thumb Code     0  startup_stm32f40_41xxx.o(.text)
    CAN1_SCE_IRQHandler                      0x0800a223   Thumb Code     0  startup_stm32f40_41xxx.o(.text)
    CAN1_TX_IRQHandler                       0x0800a223   Thumb Code     0  startup_stm32f40_41xxx.o(.text)
    CAN2_RX0_IRQHandler                      0x0800a223   Thumb Code     0  startup_stm32f40_41xxx.o(.text)
    CAN2_RX1_IRQHandler                      0x0800a223   Thumb Code     0  startup_stm32f40_41xxx.o(.text)
    CAN2_SCE_IRQHandler                      0x0800a223   Thumb Code     0  startup_stm32f40_41xxx.o(.text)
    CAN2_TX_IRQHandler                       0x0800a223   Thumb Code     0  startup_stm32f40_41xxx.o(.text)
    CRYP_IRQHandler                          0x0800a223   Thumb Code     0  startup_stm32f40_41xxx.o(.text)
    DCMI_IRQHandler                          0x0800a223   Thumb Code     0  startup_stm32f40_41xxx.o(.text)
    DMA1_Stream0_IRQHandler                  0x0800a223   Thumb Code     0  startup_stm32f40_41xxx.o(.text)
    DMA1_Stream1_IRQHandler                  0x0800a223   Thumb Code     0  startup_stm32f40_41xxx.o(.text)
    DMA1_Stream2_IRQHandler                  0x0800a223   Thumb Code     0  startup_stm32f40_41xxx.o(.text)
    DMA1_Stream3_IRQHandler                  0x0800a223   Thumb Code     0  startup_stm32f40_41xxx.o(.text)
    DMA1_Stream4_IRQHandler                  0x0800a223   Thumb Code     0  startup_stm32f40_41xxx.o(.text)
    DMA1_Stream5_IRQHandler                  0x0800a223   Thumb Code     0  startup_stm32f40_41xxx.o(.text)
    DMA1_Stream6_IRQHandler                  0x0800a223   Thumb Code     0  startup_stm32f40_41xxx.o(.text)
    DMA1_Stream7_IRQHandler                  0x0800a223   Thumb Code     0  startup_stm32f40_41xxx.o(.text)
    DMA2_Stream0_IRQHandler                  0x0800a223   Thumb Code     0  startup_stm32f40_41xxx.o(.text)
    DMA2_Stream1_IRQHandler                  0x0800a223   Thumb Code     0  startup_stm32f40_41xxx.o(.text)
    DMA2_Stream2_IRQHandler                  0x0800a223   Thumb Code     0  startup_stm32f40_41xxx.o(.text)
    DMA2_Stream3_IRQHandler                  0x0800a223   Thumb Code     0  startup_stm32f40_41xxx.o(.text)
    DMA2_Stream4_IRQHandler                  0x0800a223   Thumb Code     0  startup_stm32f40_41xxx.o(.text)
    DMA2_Stream5_IRQHandler                  0x0800a223   Thumb Code     0  startup_stm32f40_41xxx.o(.text)
    DMA2_Stream6_IRQHandler                  0x0800a223   Thumb Code     0  startup_stm32f40_41xxx.o(.text)
    DMA2_Stream7_IRQHandler                  0x0800a223   Thumb Code     0  startup_stm32f40_41xxx.o(.text)
    ETH_IRQHandler                           0x0800a223   Thumb Code     0  startup_stm32f40_41xxx.o(.text)
    ETH_WKUP_IRQHandler                      0x0800a223   Thumb Code     0  startup_stm32f40_41xxx.o(.text)
    EXTI0_IRQHandler                         0x0800a223   Thumb Code     0  startup_stm32f40_41xxx.o(.text)
    EXTI15_10_IRQHandler                     0x0800a223   Thumb Code     0  startup_stm32f40_41xxx.o(.text)
    EXTI1_IRQHandler                         0x0800a223   Thumb Code     0  startup_stm32f40_41xxx.o(.text)
    EXTI2_IRQHandler                         0x0800a223   Thumb Code     0  startup_stm32f40_41xxx.o(.text)
    EXTI3_IRQHandler                         0x0800a223   Thumb Code     0  startup_stm32f40_41xxx.o(.text)
    EXTI4_IRQHandler                         0x0800a223   Thumb Code     0  startup_stm32f40_41xxx.o(.text)
    EXTI9_5_IRQHandler                       0x0800a223   Thumb Code     0  startup_stm32f40_41xxx.o(.text)
    FLASH_IRQHandler                         0x0800a223   Thumb Code     0  startup_stm32f40_41xxx.o(.text)
    FPU_IRQHandler                           0x0800a223   Thumb Code     0  startup_stm32f40_41xxx.o(.text)
    FSMC_IRQHandler                          0x0800a223   Thumb Code     0  startup_stm32f40_41xxx.o(.text)
    HASH_RNG_IRQHandler                      0x0800a223   Thumb Code     0  startup_stm32f40_41xxx.o(.text)
    I2C1_ER_IRQHandler                       0x0800a223   Thumb Code     0  startup_stm32f40_41xxx.o(.text)
    I2C1_EV_IRQHandler                       0x0800a223   Thumb Code     0  startup_stm32f40_41xxx.o(.text)
    I2C2_ER_IRQHandler                       0x0800a223   Thumb Code     0  startup_stm32f40_41xxx.o(.text)
    I2C2_EV_IRQHandler                       0x0800a223   Thumb Code     0  startup_stm32f40_41xxx.o(.text)
    I2C3_ER_IRQHandler                       0x0800a223   Thumb Code     0  startup_stm32f40_41xxx.o(.text)
    I2C3_EV_IRQHandler                       0x0800a223   Thumb Code     0  startup_stm32f40_41xxx.o(.text)
    OTG_FS_IRQHandler                        0x0800a223   Thumb Code     0  startup_stm32f40_41xxx.o(.text)
    OTG_FS_WKUP_IRQHandler                   0x0800a223   Thumb Code     0  startup_stm32f40_41xxx.o(.text)
    OTG_HS_EP1_IN_IRQHandler                 0x0800a223   Thumb Code     0  startup_stm32f40_41xxx.o(.text)
    OTG_HS_EP1_OUT_IRQHandler                0x0800a223   Thumb Code     0  startup_stm32f40_41xxx.o(.text)
    OTG_HS_IRQHandler                        0x0800a223   Thumb Code     0  startup_stm32f40_41xxx.o(.text)
    OTG_HS_WKUP_IRQHandler                   0x0800a223   Thumb Code     0  startup_stm32f40_41xxx.o(.text)
    PVD_IRQHandler                           0x0800a223   Thumb Code     0  startup_stm32f40_41xxx.o(.text)
    RCC_IRQHandler                           0x0800a223   Thumb Code     0  startup_stm32f40_41xxx.o(.text)
    RTC_Alarm_IRQHandler                     0x0800a223   Thumb Code     0  startup_stm32f40_41xxx.o(.text)
    RTC_WKUP_IRQHandler                      0x0800a223   Thumb Code     0  startup_stm32f40_41xxx.o(.text)
    SDIO_IRQHandler                          0x0800a223   Thumb Code     0  startup_stm32f40_41xxx.o(.text)
    SPI1_IRQHandler                          0x0800a223   Thumb Code     0  startup_stm32f40_41xxx.o(.text)
    SPI2_IRQHandler                          0x0800a223   Thumb Code     0  startup_stm32f40_41xxx.o(.text)
    SPI3_IRQHandler                          0x0800a223   Thumb Code     0  startup_stm32f40_41xxx.o(.text)
    TAMP_STAMP_IRQHandler                    0x0800a223   Thumb Code     0  startup_stm32f40_41xxx.o(.text)
    TIM1_BRK_TIM9_IRQHandler                 0x0800a223   Thumb Code     0  startup_stm32f40_41xxx.o(.text)
    TIM1_CC_IRQHandler                       0x0800a223   Thumb Code     0  startup_stm32f40_41xxx.o(.text)
    TIM1_TRG_COM_TIM11_IRQHandler            0x0800a223   Thumb Code     0  startup_stm32f40_41xxx.o(.text)
    TIM1_UP_TIM10_IRQHandler                 0x0800a223   Thumb Code     0  startup_stm32f40_41xxx.o(.text)
    TIM2_IRQHandler                          0x0800a223   Thumb Code     0  startup_stm32f40_41xxx.o(.text)
    TIM5_IRQHandler                          0x0800a223   Thumb Code     0  startup_stm32f40_41xxx.o(.text)
    TIM6_DAC_IRQHandler                      0x0800a223   Thumb Code     0  startup_stm32f40_41xxx.o(.text)
    TIM7_IRQHandler                          0x0800a223   Thumb Code     0  startup_stm32f40_41xxx.o(.text)
    TIM8_BRK_TIM12_IRQHandler                0x0800a223   Thumb Code     0  startup_stm32f40_41xxx.o(.text)
    TIM8_CC_IRQHandler                       0x0800a223   Thumb Code     0  startup_stm32f40_41xxx.o(.text)
    TIM8_TRG_COM_TIM14_IRQHandler            0x0800a223   Thumb Code     0  startup_stm32f40_41xxx.o(.text)
    TIM8_UP_TIM13_IRQHandler                 0x0800a223   Thumb Code     0  startup_stm32f40_41xxx.o(.text)
    UART4_IRQHandler                         0x0800a223   Thumb Code     0  startup_stm32f40_41xxx.o(.text)
    UART5_IRQHandler                         0x0800a223   Thumb Code     0  startup_stm32f40_41xxx.o(.text)
    USART2_IRQHandler                        0x0800a223   Thumb Code     0  startup_stm32f40_41xxx.o(.text)
    USART3_IRQHandler                        0x0800a223   Thumb Code     0  startup_stm32f40_41xxx.o(.text)
    USART6_IRQHandler                        0x0800a223   Thumb Code     0  startup_stm32f40_41xxx.o(.text)
    WWDG_IRQHandler                          0x0800a223   Thumb Code     0  startup_stm32f40_41xxx.o(.text)
    __user_initial_stackheap                 0x0800a225   Thumb Code     0  startup_stm32f40_41xxx.o(.text)
    NVIC_PriorityGroupConfig                 0x0800a249   Thumb Code    10  misc.o(.text)
    NVIC_Init                                0x0800a253   Thumb Code   106  misc.o(.text)
    NVIC_SetVectorTable                      0x0800a2bd   Thumb Code    14  misc.o(.text)
    NVIC_SystemLPConfig                      0x0800a2cb   Thumb Code    34  misc.o(.text)
    SysTick_CLKSourceConfig                  0x0800a2ed   Thumb Code    40  misc.o(.text)
    ADC_DeInit                               0x0800a329   Thumb Code    22  stm32f4xx_adc.o(.text)
    ADC_Init                                 0x0800a33f   Thumb Code    74  stm32f4xx_adc.o(.text)
    ADC_StructInit                           0x0800a389   Thumb Code    20  stm32f4xx_adc.o(.text)
    ADC_CommonInit                           0x0800a39d   Thumb Code    34  stm32f4xx_adc.o(.text)
    ADC_CommonStructInit                     0x0800a3bf   Thumb Code    12  stm32f4xx_adc.o(.text)
    ADC_Cmd                                  0x0800a3cb   Thumb Code    22  stm32f4xx_adc.o(.text)
    ADC_AnalogWatchdogCmd                    0x0800a3e1   Thumb Code    16  stm32f4xx_adc.o(.text)
    ADC_AnalogWatchdogThresholdsConfig       0x0800a3f1   Thumb Code     6  stm32f4xx_adc.o(.text)
    ADC_AnalogWatchdogSingleChannelConfig    0x0800a3f7   Thumb Code    16  stm32f4xx_adc.o(.text)
    ADC_TempSensorVrefintCmd                 0x0800a407   Thumb Code    34  stm32f4xx_adc.o(.text)
    ADC_VBATCmd                              0x0800a429   Thumb Code    34  stm32f4xx_adc.o(.text)
    ADC_RegularChannelConfig                 0x0800a44b   Thumb Code   184  stm32f4xx_adc.o(.text)
    ADC_SoftwareStartConv                    0x0800a503   Thumb Code    10  stm32f4xx_adc.o(.text)
    ADC_GetSoftwareStartConvStatus           0x0800a50d   Thumb Code    20  stm32f4xx_adc.o(.text)
    ADC_EOCOnEachRegularChannelCmd           0x0800a521   Thumb Code    22  stm32f4xx_adc.o(.text)
    ADC_ContinuousModeCmd                    0x0800a537   Thumb Code    22  stm32f4xx_adc.o(.text)
    ADC_DiscModeChannelCountConfig           0x0800a54d   Thumb Code    24  stm32f4xx_adc.o(.text)
    ADC_DiscModeCmd                          0x0800a565   Thumb Code    22  stm32f4xx_adc.o(.text)
    ADC_GetConversionValue                   0x0800a57b   Thumb Code     8  stm32f4xx_adc.o(.text)
    ADC_GetMultiModeConversionValue          0x0800a583   Thumb Code     8  stm32f4xx_adc.o(.text)
    ADC_DMACmd                               0x0800a58b   Thumb Code    22  stm32f4xx_adc.o(.text)
    ADC_DMARequestAfterLastTransferCmd       0x0800a5a1   Thumb Code    22  stm32f4xx_adc.o(.text)
    ADC_MultiModeDMARequestAfterLastTransferCmd 0x0800a5b7   Thumb Code    34  stm32f4xx_adc.o(.text)
    ADC_InjectedChannelConfig                0x0800a5d9   Thumb Code   130  stm32f4xx_adc.o(.text)
    ADC_InjectedSequencerLengthConfig        0x0800a65b   Thumb Code    24  stm32f4xx_adc.o(.text)
    ADC_SetInjectedOffset                    0x0800a673   Thumb Code    20  stm32f4xx_adc.o(.text)
    ADC_ExternalTrigInjectedConvConfig       0x0800a687   Thumb Code    16  stm32f4xx_adc.o(.text)
    ADC_ExternalTrigInjectedConvEdgeConfig   0x0800a697   Thumb Code    16  stm32f4xx_adc.o(.text)
    ADC_SoftwareStartInjectedConv            0x0800a6a7   Thumb Code    10  stm32f4xx_adc.o(.text)
    ADC_GetSoftwareStartInjectedConvCmdStatus 0x0800a6b1   Thumb Code    20  stm32f4xx_adc.o(.text)
    ADC_AutoInjectedConvCmd                  0x0800a6c5   Thumb Code    22  stm32f4xx_adc.o(.text)
    ADC_InjectedDiscModeCmd                  0x0800a6db   Thumb Code    22  stm32f4xx_adc.o(.text)
    ADC_GetInjectedConversionValue           0x0800a6f1   Thumb Code    28  stm32f4xx_adc.o(.text)
    ADC_ITConfig                             0x0800a70d   Thumb Code    56  stm32f4xx_adc.o(.text)
    ADC_GetFlagStatus                        0x0800a745   Thumb Code    18  stm32f4xx_adc.o(.text)
    ADC_ClearFlag                            0x0800a757   Thumb Code     6  stm32f4xx_adc.o(.text)
    ADC_GetITStatus                          0x0800a75d   Thumb Code    38  stm32f4xx_adc.o(.text)
    ADC_ClearITPendingBit                    0x0800a783   Thumb Code    10  stm32f4xx_adc.o(.text)
    DAC_DeInit                               0x0800a78d   Thumb Code    22  stm32f4xx_dac.o(.text)
    DAC_Init                                 0x0800a7a3   Thumb Code    46  stm32f4xx_dac.o(.text)
    DAC_StructInit                           0x0800a7d1   Thumb Code    12  stm32f4xx_dac.o(.text)
    DAC_Cmd                                  0x0800a7dd   Thumb Code    34  stm32f4xx_dac.o(.text)
    DAC_SoftwareTriggerCmd                   0x0800a7ff   Thumb Code    48  stm32f4xx_dac.o(.text)
    DAC_DualSoftwareTriggerCmd               0x0800a82f   Thumb Code    38  stm32f4xx_dac.o(.text)
    DAC_WaveGenerationCmd                    0x0800a855   Thumb Code    36  stm32f4xx_dac.o(.text)
    DAC_SetChannel1Data                      0x0800a879   Thumb Code    26  stm32f4xx_dac.o(.text)
    DAC_SetChannel2Data                      0x0800a893   Thumb Code    26  stm32f4xx_dac.o(.text)
    DAC_SetDualChannelData                   0x0800a8ad   Thumb Code    32  stm32f4xx_dac.o(.text)
    DAC_GetDataOutputValue                   0x0800a8cd   Thumb Code    32  stm32f4xx_dac.o(.text)
    DAC_DMACmd                               0x0800a8ed   Thumb Code    38  stm32f4xx_dac.o(.text)
    DAC_ITConfig                             0x0800a913   Thumb Code    36  stm32f4xx_dac.o(.text)
    DAC_GetFlagStatus                        0x0800a937   Thumb Code    28  stm32f4xx_dac.o(.text)
    DAC_ClearFlag                            0x0800a953   Thumb Code    12  stm32f4xx_dac.o(.text)
    DAC_GetITStatus                          0x0800a95f   Thumb Code    44  stm32f4xx_dac.o(.text)
    DAC_ClearITPendingBit                    0x0800a98b   Thumb Code    12  stm32f4xx_dac.o(.text)
    GPIO_DeInit                              0x0800a99d   Thumb Code   268  stm32f4xx_gpio.o(.text)
    GPIO_Init                                0x0800aaa9   Thumb Code   144  stm32f4xx_gpio.o(.text)
    GPIO_StructInit                          0x0800ab39   Thumb Code    18  stm32f4xx_gpio.o(.text)
    GPIO_PinLockConfig                       0x0800ab4b   Thumb Code    34  stm32f4xx_gpio.o(.text)
    GPIO_ReadInputDataBit                    0x0800ab6d   Thumb Code    18  stm32f4xx_gpio.o(.text)
    GPIO_ReadInputData                       0x0800ab7f   Thumb Code     8  stm32f4xx_gpio.o(.text)
    GPIO_ReadOutputDataBit                   0x0800ab87   Thumb Code    18  stm32f4xx_gpio.o(.text)
    GPIO_ReadOutputData                      0x0800ab99   Thumb Code     8  stm32f4xx_gpio.o(.text)
    GPIO_SetBits                             0x0800aba1   Thumb Code     4  stm32f4xx_gpio.o(.text)
    GPIO_ResetBits                           0x0800aba5   Thumb Code     4  stm32f4xx_gpio.o(.text)
    GPIO_WriteBit                            0x0800aba9   Thumb Code    10  stm32f4xx_gpio.o(.text)
    GPIO_Write                               0x0800abb3   Thumb Code     4  stm32f4xx_gpio.o(.text)
    GPIO_ToggleBits                          0x0800abb7   Thumb Code     8  stm32f4xx_gpio.o(.text)
    GPIO_PinAFConfig                         0x0800abbf   Thumb Code    70  stm32f4xx_gpio.o(.text)
    FSMC_NORSRAMDeInit                       0x0800ac31   Thumb Code    54  stm32f4xx_fsmc.o(.text)
    FSMC_NORSRAMInit                         0x0800ac67   Thumb Code   230  stm32f4xx_fsmc.o(.text)
    FSMC_NORSRAMStructInit                   0x0800ad4d   Thumb Code    48  stm32f4xx_fsmc.o(.text)
    FSMC_NORSRAMCmd                          0x0800ad7d   Thumb Code    46  stm32f4xx_fsmc.o(.text)
    FSMC_NANDDeInit                          0x0800adab   Thumb Code    62  stm32f4xx_fsmc.o(.text)
    FSMC_NANDInit                            0x0800ade9   Thumb Code   132  stm32f4xx_fsmc.o(.text)
    FSMC_NANDStructInit                      0x0800ae6d   Thumb Code    54  stm32f4xx_fsmc.o(.text)
    FSMC_NANDCmd                             0x0800aea3   Thumb Code    86  stm32f4xx_fsmc.o(.text)
    FSMC_NANDECCCmd                          0x0800aef9   Thumb Code    86  stm32f4xx_fsmc.o(.text)
    FSMC_GetECC                              0x0800af4f   Thumb Code    24  stm32f4xx_fsmc.o(.text)
    FSMC_PCCARDDeInit                        0x0800af67   Thumb Code    36  stm32f4xx_fsmc.o(.text)
    FSMC_PCCARDInit                          0x0800af8b   Thumb Code   130  stm32f4xx_fsmc.o(.text)
    FSMC_PCCARDStructInit                    0x0800b00d   Thumb Code    60  stm32f4xx_fsmc.o(.text)
    FSMC_PCCARDCmd                           0x0800b049   Thumb Code    44  stm32f4xx_fsmc.o(.text)
    FSMC_ITConfig                            0x0800b075   Thumb Code   128  stm32f4xx_fsmc.o(.text)
    FSMC_GetFlagStatus                       0x0800b0f5   Thumb Code    54  stm32f4xx_fsmc.o(.text)
    FSMC_ClearFlag                           0x0800b12b   Thumb Code    74  stm32f4xx_fsmc.o(.text)
    FSMC_GetITStatus                         0x0800b175   Thumb Code    62  stm32f4xx_fsmc.o(.text)
    FSMC_ClearITPendingBit                   0x0800b1b3   Thumb Code    66  stm32f4xx_fsmc.o(.text)
    RCC_DeInit                               0x0800b1f9   Thumb Code    82  stm32f4xx_rcc.o(.text)
    RCC_HSEConfig                            0x0800b24b   Thumb Code    14  stm32f4xx_rcc.o(.text)
    RCC_GetFlagStatus                        0x0800b259   Thumb Code    60  stm32f4xx_rcc.o(.text)
    RCC_WaitForHSEStartUp                    0x0800b295   Thumb Code    56  stm32f4xx_rcc.o(.text)
    RCC_AdjustHSICalibrationValue            0x0800b2cd   Thumb Code    20  stm32f4xx_rcc.o(.text)
    RCC_HSICmd                               0x0800b2e1   Thumb Code     6  stm32f4xx_rcc.o(.text)
    RCC_LSEConfig                            0x0800b2e7   Thumb Code    46  stm32f4xx_rcc.o(.text)
    RCC_LSICmd                               0x0800b315   Thumb Code     6  stm32f4xx_rcc.o(.text)
    RCC_PLLConfig                            0x0800b31b   Thumb Code    32  stm32f4xx_rcc.o(.text)
    RCC_PLLCmd                               0x0800b33b   Thumb Code     6  stm32f4xx_rcc.o(.text)
    RCC_PLLI2SConfig                         0x0800b341   Thumb Code    14  stm32f4xx_rcc.o(.text)
    RCC_PLLI2SCmd                            0x0800b34f   Thumb Code     6  stm32f4xx_rcc.o(.text)
    RCC_PLLSAIConfig                         0x0800b355   Thumb Code    20  stm32f4xx_rcc.o(.text)
    RCC_PLLSAICmd                            0x0800b369   Thumb Code     6  stm32f4xx_rcc.o(.text)
    RCC_ClockSecuritySystemCmd               0x0800b36f   Thumb Code     6  stm32f4xx_rcc.o(.text)
    RCC_MCO1Config                           0x0800b375   Thumb Code    28  stm32f4xx_rcc.o(.text)
    RCC_MCO2Config                           0x0800b391   Thumb Code    28  stm32f4xx_rcc.o(.text)
    RCC_SYSCLKConfig                         0x0800b3ad   Thumb Code    20  stm32f4xx_rcc.o(.text)
    RCC_GetSYSCLKSource                      0x0800b3c1   Thumb Code    12  stm32f4xx_rcc.o(.text)
    RCC_HCLKConfig                           0x0800b3cd   Thumb Code    20  stm32f4xx_rcc.o(.text)
    RCC_PCLK1Config                          0x0800b3e1   Thumb Code    20  stm32f4xx_rcc.o(.text)
    RCC_PCLK2Config                          0x0800b3f5   Thumb Code    22  stm32f4xx_rcc.o(.text)
    RCC_GetClocksFreq                        0x0800b40b   Thumb Code   222  stm32f4xx_rcc.o(.text)
    RCC_RTCCLKConfig                         0x0800b4e9   Thumb Code    54  stm32f4xx_rcc.o(.text)
    RCC_RTCCLKCmd                            0x0800b51f   Thumb Code     8  stm32f4xx_rcc.o(.text)
    RCC_BackupResetCmd                       0x0800b527   Thumb Code     8  stm32f4xx_rcc.o(.text)
    RCC_I2SCLKConfig                         0x0800b52f   Thumb Code     6  stm32f4xx_rcc.o(.text)
    RCC_SAIPLLI2SClkDivConfig                0x0800b535   Thumb Code    26  stm32f4xx_rcc.o(.text)
    RCC_SAIPLLSAIClkDivConfig                0x0800b54f   Thumb Code    28  stm32f4xx_rcc.o(.text)
    RCC_SAIBlockACLKConfig                   0x0800b56b   Thumb Code    20  stm32f4xx_rcc.o(.text)
    RCC_SAIBlockBCLKConfig                   0x0800b57f   Thumb Code    20  stm32f4xx_rcc.o(.text)
    RCC_LTDCCLKDivConfig                     0x0800b593   Thumb Code    20  stm32f4xx_rcc.o(.text)
    RCC_TIMCLKPresConfig                     0x0800b5a7   Thumb Code     6  stm32f4xx_rcc.o(.text)
    RCC_AHB1PeriphClockCmd                   0x0800b5ad   Thumb Code    34  stm32f4xx_rcc.o(.text)
    RCC_AHB2PeriphClockCmd                   0x0800b5cf   Thumb Code    78  stm32f4xx_rcc.o(.text)
    RCC_AHB3PeriphClockCmd                   0x0800b61d   Thumb Code    34  stm32f4xx_rcc.o(.text)
    RCC_APB1PeriphClockCmd                   0x0800b63f   Thumb Code    34  stm32f4xx_rcc.o(.text)
    RCC_APB2PeriphClockCmd                   0x0800b661   Thumb Code    34  stm32f4xx_rcc.o(.text)
    RCC_AHB1PeriphResetCmd                   0x0800b683   Thumb Code    34  stm32f4xx_rcc.o(.text)
    RCC_AHB2PeriphResetCmd                   0x0800b6a5   Thumb Code    34  stm32f4xx_rcc.o(.text)
    RCC_AHB3PeriphResetCmd                   0x0800b6c7   Thumb Code    34  stm32f4xx_rcc.o(.text)
    RCC_APB1PeriphResetCmd                   0x0800b6e9   Thumb Code    34  stm32f4xx_rcc.o(.text)
    RCC_APB2PeriphResetCmd                   0x0800b70b   Thumb Code    34  stm32f4xx_rcc.o(.text)
    RCC_AHB1PeriphClockLPModeCmd             0x0800b72d   Thumb Code    34  stm32f4xx_rcc.o(.text)
    RCC_AHB2PeriphClockLPModeCmd             0x0800b74f   Thumb Code    34  stm32f4xx_rcc.o(.text)
    RCC_AHB3PeriphClockLPModeCmd             0x0800b771   Thumb Code    34  stm32f4xx_rcc.o(.text)
    RCC_APB1PeriphClockLPModeCmd             0x0800b793   Thumb Code    34  stm32f4xx_rcc.o(.text)
    RCC_APB2PeriphClockLPModeCmd             0x0800b7b5   Thumb Code    34  stm32f4xx_rcc.o(.text)
    RCC_LSEModeConfig                        0x0800b7d7   Thumb Code    40  stm32f4xx_rcc.o(.text)
    RCC_ITConfig                             0x0800b7ff   Thumb Code    34  stm32f4xx_rcc.o(.text)
    RCC_ClearFlag                            0x0800b821   Thumb Code    18  stm32f4xx_rcc.o(.text)
    RCC_GetITStatus                          0x0800b833   Thumb Code    22  stm32f4xx_rcc.o(.text)
    RCC_ClearITPendingBit                    0x0800b849   Thumb Code     8  stm32f4xx_rcc.o(.text)
    USART_DeInit                             0x0800b855   Thumb Code   206  stm32f4xx_usart.o(.text)
    USART_Init                               0x0800b923   Thumb Code   204  stm32f4xx_usart.o(.text)
    USART_StructInit                         0x0800b9ef   Thumb Code    24  stm32f4xx_usart.o(.text)
    USART_ClockInit                          0x0800ba07   Thumb Code    32  stm32f4xx_usart.o(.text)
    USART_ClockStructInit                    0x0800ba27   Thumb Code    12  stm32f4xx_usart.o(.text)
    USART_Cmd                                0x0800ba33   Thumb Code    24  stm32f4xx_usart.o(.text)
    USART_SetPrescaler                       0x0800ba4b   Thumb Code    16  stm32f4xx_usart.o(.text)
    USART_OverSampling8Cmd                   0x0800ba5b   Thumb Code    22  stm32f4xx_usart.o(.text)
    USART_OneBitMethodCmd                    0x0800ba71   Thumb Code    24  stm32f4xx_usart.o(.text)
    USART_SendData                           0x0800ba89   Thumb Code     8  stm32f4xx_usart.o(.text)
    USART_ReceiveData                        0x0800ba91   Thumb Code    10  stm32f4xx_usart.o(.text)
    USART_SetAddress                         0x0800ba9b   Thumb Code    18  stm32f4xx_usart.o(.text)
    USART_ReceiverWakeUpCmd                  0x0800baad   Thumb Code    24  stm32f4xx_usart.o(.text)
    USART_WakeUpConfig                       0x0800bac5   Thumb Code    18  stm32f4xx_usart.o(.text)
    USART_LINBreakDetectLengthConfig         0x0800bad7   Thumb Code    18  stm32f4xx_usart.o(.text)
    USART_LINCmd                             0x0800bae9   Thumb Code    24  stm32f4xx_usart.o(.text)
    USART_SendBreak                          0x0800bb01   Thumb Code    10  stm32f4xx_usart.o(.text)
    USART_HalfDuplexCmd                      0x0800bb0b   Thumb Code    24  stm32f4xx_usart.o(.text)
    USART_SetGuardTime                       0x0800bb23   Thumb Code    16  stm32f4xx_usart.o(.text)
    USART_SmartCardCmd                       0x0800bb33   Thumb Code    24  stm32f4xx_usart.o(.text)
    USART_SmartCardNACKCmd                   0x0800bb4b   Thumb Code    24  stm32f4xx_usart.o(.text)
    USART_IrDAConfig                         0x0800bb63   Thumb Code    18  stm32f4xx_usart.o(.text)
    USART_IrDACmd                            0x0800bb75   Thumb Code    24  stm32f4xx_usart.o(.text)
    USART_DMACmd                             0x0800bb8d   Thumb Code    18  stm32f4xx_usart.o(.text)
    USART_ITConfig                           0x0800bb9f   Thumb Code    74  stm32f4xx_usart.o(.text)
    USART_GetFlagStatus                      0x0800bbe9   Thumb Code    26  stm32f4xx_usart.o(.text)
    USART_ClearFlag                          0x0800bc03   Thumb Code    18  stm32f4xx_usart.o(.text)
    USART_GetITStatus                        0x0800bc15   Thumb Code   118  stm32f4xx_usart.o(.text)
    USART_ClearITPendingBit                  0x0800bc8b   Thumb Code    30  stm32f4xx_usart.o(.text)
    TIM_DeInit                               0x0800bca9   Thumb Code   346  stm32f4xx_tim.o(.text)
    TIM_TimeBaseInit                         0x0800be03   Thumb Code   104  stm32f4xx_tim.o(.text)
    TIM_TimeBaseStructInit                   0x0800be6b   Thumb Code    18  stm32f4xx_tim.o(.text)
    TIM_PrescalerConfig                      0x0800be7d   Thumb Code     6  stm32f4xx_tim.o(.text)
    TIM_CounterModeConfig                    0x0800be83   Thumb Code    18  stm32f4xx_tim.o(.text)
    TIM_SetCounter                           0x0800be95   Thumb Code     4  stm32f4xx_tim.o(.text)
    TIM_SetAutoreload                        0x0800be99   Thumb Code     4  stm32f4xx_tim.o(.text)
    TIM_GetCounter                           0x0800be9d   Thumb Code     6  stm32f4xx_tim.o(.text)
    TIM_GetPrescaler                         0x0800bea3   Thumb Code     6  stm32f4xx_tim.o(.text)
    TIM_UpdateDisableConfig                  0x0800bea9   Thumb Code    24  stm32f4xx_tim.o(.text)
    TIM_UpdateRequestConfig                  0x0800bec1   Thumb Code    24  stm32f4xx_tim.o(.text)
    TIM_ARRPreloadConfig                     0x0800bed9   Thumb Code    24  stm32f4xx_tim.o(.text)
    TIM_SelectOnePulseMode                   0x0800bef1   Thumb Code    18  stm32f4xx_tim.o(.text)
    TIM_SetClockDivision                     0x0800bf03   Thumb Code    18  stm32f4xx_tim.o(.text)
    TIM_Cmd                                  0x0800bf15   Thumb Code    24  stm32f4xx_tim.o(.text)
    TIM_OC1Init                              0x0800bf2d   Thumb Code   114  stm32f4xx_tim.o(.text)
    TIM_OC2Init                              0x0800bf9f   Thumb Code   154  stm32f4xx_tim.o(.text)
    TIM_OC3Init                              0x0800c039   Thumb Code   204  stm32f4xx_tim.o(.text)
    TIM_OC4Init                              0x0800c105   Thumb Code   112  stm32f4xx_tim.o(.text)
    TIM_OCStructInit                         0x0800c175   Thumb Code    20  stm32f4xx_tim.o(.text)
    TIM_SelectOCxM                           0x0800c189   Thumb Code    86  stm32f4xx_tim.o(.text)
    TIM_SetCompare1                          0x0800c1df   Thumb Code     4  stm32f4xx_tim.o(.text)
    TIM_SetCompare2                          0x0800c1e3   Thumb Code     4  stm32f4xx_tim.o(.text)
    TIM_SetCompare3                          0x0800c1e7   Thumb Code     4  stm32f4xx_tim.o(.text)
    TIM_SetCompare4                          0x0800c1eb   Thumb Code     4  stm32f4xx_tim.o(.text)
    TIM_ForcedOC1Config                      0x0800c1ef   Thumb Code    18  stm32f4xx_tim.o(.text)
    TIM_ForcedOC2Config                      0x0800c201   Thumb Code    26  stm32f4xx_tim.o(.text)
    TIM_ForcedOC3Config                      0x0800c21b   Thumb Code    18  stm32f4xx_tim.o(.text)
    TIM_ForcedOC4Config                      0x0800c22d   Thumb Code    26  stm32f4xx_tim.o(.text)
    TIM_OC1PreloadConfig                     0x0800c247   Thumb Code    18  stm32f4xx_tim.o(.text)
    TIM_OC2PreloadConfig                     0x0800c259   Thumb Code    26  stm32f4xx_tim.o(.text)
    TIM_OC3PreloadConfig                     0x0800c273   Thumb Code    18  stm32f4xx_tim.o(.text)
    TIM_OC4PreloadConfig                     0x0800c285   Thumb Code    26  stm32f4xx_tim.o(.text)
    TIM_OC1FastConfig                        0x0800c29f   Thumb Code    18  stm32f4xx_tim.o(.text)
    TIM_OC2FastConfig                        0x0800c2b1   Thumb Code    26  stm32f4xx_tim.o(.text)
    TIM_OC3FastConfig                        0x0800c2cb   Thumb Code    18  stm32f4xx_tim.o(.text)
    TIM_OC4FastConfig                        0x0800c2dd   Thumb Code    26  stm32f4xx_tim.o(.text)
    TIM_ClearOC1Ref                          0x0800c2f7   Thumb Code    18  stm32f4xx_tim.o(.text)
    TIM_ClearOC2Ref                          0x0800c309   Thumb Code    24  stm32f4xx_tim.o(.text)
    TIM_ClearOC3Ref                          0x0800c321   Thumb Code    18  stm32f4xx_tim.o(.text)
    TIM_ClearOC4Ref                          0x0800c333   Thumb Code    24  stm32f4xx_tim.o(.text)
    TIM_OC1PolarityConfig                    0x0800c34b   Thumb Code    18  stm32f4xx_tim.o(.text)
    TIM_OC1NPolarityConfig                   0x0800c35d   Thumb Code    18  stm32f4xx_tim.o(.text)
    TIM_OC2PolarityConfig                    0x0800c36f   Thumb Code    26  stm32f4xx_tim.o(.text)
    TIM_OC2NPolarityConfig                   0x0800c389   Thumb Code    26  stm32f4xx_tim.o(.text)
    TIM_OC3PolarityConfig                    0x0800c3a3   Thumb Code    26  stm32f4xx_tim.o(.text)
    TIM_OC3NPolarityConfig                   0x0800c3bd   Thumb Code    26  stm32f4xx_tim.o(.text)
    TIM_OC4PolarityConfig                    0x0800c3d7   Thumb Code    26  stm32f4xx_tim.o(.text)
    TIM_CCxCmd                               0x0800c3f1   Thumb Code    30  stm32f4xx_tim.o(.text)
    TIM_CCxNCmd                              0x0800c40f   Thumb Code    30  stm32f4xx_tim.o(.text)
    TIM_SetIC4Prescaler                      0x0800c42d   Thumb Code    26  stm32f4xx_tim.o(.text)
    TIM_SetIC3Prescaler                      0x0800c497   Thumb Code    18  stm32f4xx_tim.o(.text)
    TIM_SetIC2Prescaler                      0x0800c4f1   Thumb Code    26  stm32f4xx_tim.o(.text)
    TIM_SetIC1Prescaler                      0x0800c565   Thumb Code    18  stm32f4xx_tim.o(.text)
    TIM_ICInit                               0x0800c5b1   Thumb Code   110  stm32f4xx_tim.o(.text)
    TIM_ICStructInit                         0x0800c61f   Thumb Code    18  stm32f4xx_tim.o(.text)
    TIM_PWMIConfig                           0x0800c631   Thumb Code   124  stm32f4xx_tim.o(.text)
    TIM_GetCapture1                          0x0800c6ad   Thumb Code     6  stm32f4xx_tim.o(.text)
    TIM_GetCapture2                          0x0800c6b3   Thumb Code     6  stm32f4xx_tim.o(.text)
    TIM_GetCapture3                          0x0800c6b9   Thumb Code     6  stm32f4xx_tim.o(.text)
    TIM_GetCapture4                          0x0800c6bf   Thumb Code     6  stm32f4xx_tim.o(.text)
    TIM_BDTRConfig                           0x0800c6c5   Thumb Code    32  stm32f4xx_tim.o(.text)
    TIM_BDTRStructInit                       0x0800c6e5   Thumb Code    18  stm32f4xx_tim.o(.text)
    TIM_CtrlPWMOutputs                       0x0800c6f7   Thumb Code    30  stm32f4xx_tim.o(.text)
    TIM_SelectCOM                            0x0800c715   Thumb Code    24  stm32f4xx_tim.o(.text)
    TIM_CCPreloadControl                     0x0800c72d   Thumb Code    24  stm32f4xx_tim.o(.text)
    TIM_ITConfig                             0x0800c745   Thumb Code    18  stm32f4xx_tim.o(.text)
    TIM_GenerateEvent                        0x0800c757   Thumb Code     4  stm32f4xx_tim.o(.text)
    TIM_GetFlagStatus                        0x0800c75b   Thumb Code    18  stm32f4xx_tim.o(.text)
    TIM_ClearFlag                            0x0800c76d   Thumb Code     6  stm32f4xx_tim.o(.text)
    TIM_GetITStatus                          0x0800c773   Thumb Code    34  stm32f4xx_tim.o(.text)
    TIM_ClearITPendingBit                    0x0800c795   Thumb Code     6  stm32f4xx_tim.o(.text)
    TIM_DMAConfig                            0x0800c79b   Thumb Code    10  stm32f4xx_tim.o(.text)
    TIM_DMACmd                               0x0800c7a5   Thumb Code    18  stm32f4xx_tim.o(.text)
    TIM_SelectCCDMA                          0x0800c7b7   Thumb Code    24  stm32f4xx_tim.o(.text)
    TIM_InternalClockConfig                  0x0800c7cf   Thumb Code    12  stm32f4xx_tim.o(.text)
    TIM_SelectInputTrigger                   0x0800c7db   Thumb Code    18  stm32f4xx_tim.o(.text)
    TIM_ITRxExternalClockConfig              0x0800c7ed   Thumb Code    24  stm32f4xx_tim.o(.text)
    TIM_TIxExternalClockConfig               0x0800c805   Thumb Code    62  stm32f4xx_tim.o(.text)
    TIM_ETRConfig                            0x0800c843   Thumb Code    28  stm32f4xx_tim.o(.text)
    TIM_ETRClockMode1Config                  0x0800c85f   Thumb Code    54  stm32f4xx_tim.o(.text)
    TIM_ETRClockMode2Config                  0x0800c895   Thumb Code    32  stm32f4xx_tim.o(.text)
    TIM_SelectOutputTrigger                  0x0800c8b5   Thumb Code    18  stm32f4xx_tim.o(.text)
    TIM_SelectSlaveMode                      0x0800c8c7   Thumb Code    18  stm32f4xx_tim.o(.text)
    TIM_SelectMasterSlaveMode                0x0800c8d9   Thumb Code    18  stm32f4xx_tim.o(.text)
    TIM_EncoderInterfaceConfig               0x0800c8eb   Thumb Code    66  stm32f4xx_tim.o(.text)
    TIM_SelectHallSensor                     0x0800c92d   Thumb Code    24  stm32f4xx_tim.o(.text)
    TIM_RemapConfig                          0x0800c945   Thumb Code     6  stm32f4xx_tim.o(.text)
    DMA_DeInit                               0x0800c94d   Thumb Code   324  stm32f4xx_dma.o(.text)
    DMA_Init                                 0x0800ca91   Thumb Code    82  stm32f4xx_dma.o(.text)
    DMA_StructInit                           0x0800cae3   Thumb Code    34  stm32f4xx_dma.o(.text)
    DMA_Cmd                                  0x0800cb05   Thumb Code    22  stm32f4xx_dma.o(.text)
    DMA_PeriphIncOffsetSizeConfig            0x0800cb1b   Thumb Code    22  stm32f4xx_dma.o(.text)
    DMA_FlowControllerConfig                 0x0800cb31   Thumb Code    22  stm32f4xx_dma.o(.text)
    DMA_SetCurrDataCounter                   0x0800cb47   Thumb Code     4  stm32f4xx_dma.o(.text)
    DMA_GetCurrDataCounter                   0x0800cb4b   Thumb Code     8  stm32f4xx_dma.o(.text)
    DMA_DoubleBufferModeConfig               0x0800cb53   Thumb Code    24  stm32f4xx_dma.o(.text)
    DMA_DoubleBufferModeCmd                  0x0800cb6b   Thumb Code    22  stm32f4xx_dma.o(.text)
    DMA_MemoryTargetConfig                   0x0800cb81   Thumb Code    10  stm32f4xx_dma.o(.text)
    DMA_GetCurrentMemoryTarget               0x0800cb8b   Thumb Code    20  stm32f4xx_dma.o(.text)
    DMA_GetCmdStatus                         0x0800cb9f   Thumb Code    20  stm32f4xx_dma.o(.text)
    DMA_GetFIFOStatus                        0x0800cbb3   Thumb Code    12  stm32f4xx_dma.o(.text)
    DMA_GetFlagStatus                        0x0800cbbf   Thumb Code    56  stm32f4xx_dma.o(.text)
    DMA_ClearFlag                            0x0800cbf7   Thumb Code    40  stm32f4xx_dma.o(.text)
    DMA_ITConfig                             0x0800cc1f   Thumb Code    58  stm32f4xx_dma.o(.text)
    DMA_GetITStatus                          0x0800cc59   Thumb Code    84  stm32f4xx_dma.o(.text)
    DMA_ClearITPendingBit                    0x0800ccad   Thumb Code    40  stm32f4xx_dma.o(.text)
    arm_cmplx_mag_f32                        0x0800ccf5   Thumb Code   236  arm_cmplx_mag_f32.o(.text)
    arm_radix4_butterfly_f32                 0x0800cde5   Thumb Code   800  arm_cfft_radix4_f32.o(.text)
    arm_radix4_butterfly_inverse_f32         0x0800d105   Thumb Code   836  arm_cfft_radix4_f32.o(.text)
    arm_cfft_radix4_f32                      0x0800d449   Thumb Code    60  arm_cfft_radix4_f32.o(.text)
    arm_cfft_radix4_init_f32                 0x0800d485   Thumb Code   146  arm_cfft_radix4_init_f32.o(.text)
    arm_max_f32                              0x0800d545   Thumb Code   212  arm_max_f32.o(.text)
    arm_bitreversal_f32                      0x0800d619   Thumb Code   178  arm_bitreversal.o(.text)
    arm_bitreversal_q31                      0x0800d6cb   Thumb Code   180  arm_bitreversal.o(.text)
    arm_bitreversal_q15                      0x0800d77f   Thumb Code   128  arm_bitreversal.o(.text)
    __use_no_semihosting                     0x0800d7ff   Thumb Code     2  use_no_semi_2.o(.text)
    __aeabi_ldivmod                          0x0800d801   Thumb Code     0  llsdiv.o(.text)
    _ll_sdiv                                 0x0800d801   Thumb Code    72  llsdiv.o(.text)
    __2printf                                0x0800d849   Thumb Code    20  noretval__2printf.o(.text)
    __printf                                 0x0800d861   Thumb Code   104  __printf.o(.text)
    _printf_str                              0x0800d8c9   Thumb Code    82  _printf_str.o(.text)
    _printf_int_dec                          0x0800d91d   Thumb Code   104  _printf_dec.o(.text)
    _printf_int_hex                          0x0800d995   Thumb Code    84  _printf_hex_int.o(.text)
    _printf_longlong_hex                     0x0800d995   Thumb Code     0  _printf_hex_int.o(.text)
    strcmp                                   0x0800d9ed   Thumb Code   128  strcmpv7m.o(.text)
    __use_two_region_memory                  0x0800da6d   Thumb Code     2  heapauxi.o(.text)
    __rt_heap_escrow$2region                 0x0800da6f   Thumb Code     2  heapauxi.o(.text)
    __rt_heap_expand$2region                 0x0800da71   Thumb Code     2  heapauxi.o(.text)
    __I$use$semihosting                      0x0800da73   Thumb Code     0  use_no_semi.o(.text)
    __use_no_semihosting_swi                 0x0800da73   Thumb Code     2  use_no_semi.o(.text)
    __aeabi_uldivmod                         0x0800da75   Thumb Code     0  lludivv7m.o(.text)
    _ll_udiv                                 0x0800da75   Thumb Code   238  lludivv7m.o(.text)
    __read_errno                             0x0800db63   Thumb Code    10  _rserrno.o(.text)
    __set_errno                              0x0800db6d   Thumb Code    12  _rserrno.o(.text)
    _printf_int_common                       0x0800db79   Thumb Code   178  _printf_intcommon.o(.text)
    _printf_cs_common                        0x0800dc2b   Thumb Code    20  _printf_char.o(.text)
    _printf_char                             0x0800dc3f   Thumb Code    16  _printf_char.o(.text)
    _printf_string                           0x0800dc4f   Thumb Code     8  _printf_char.o(.text)
    _printf_char_file                        0x0800dc59   Thumb Code    32  _printf_char_file.o(.text)
    __aeabi_errno_addr                       0x0800dc7d   Thumb Code     8  rt_errno_addr_intlibspace.o(.text)
    __errno$intlibspace                      0x0800dc7d   Thumb Code     0  rt_errno_addr_intlibspace.o(.text)
    __rt_errno_addr$intlibspace              0x0800dc7d   Thumb Code     0  rt_errno_addr_intlibspace.o(.text)
    _printf_char_common                      0x0800dc8f   Thumb Code    32  _printf_char_common.o(.text)
    ferror                                   0x0800dcb5   Thumb Code     8  ferror.o(.text)
    __user_libspace                          0x0800dcbd   Thumb Code     8  libspace.o(.text)
    __user_perproc_libspace                  0x0800dcbd   Thumb Code     0  libspace.o(.text)
    __user_perthread_libspace                0x0800dcbd   Thumb Code     0  libspace.o(.text)
    __user_setup_stackheap                   0x0800dcc5   Thumb Code    74  sys_stackheap_outer.o(.text)
    exit                                     0x0800dd0f   Thumb Code    18  exit.o(.text)
    __ARM_fpclassify                         0x0800dd21   Thumb Code    48  fpclassify.o(i.__ARM_fpclassify)
    __hardfp_sin                             0x0800dd51   Thumb Code   180  sin.o(i.__hardfp_sin)
    __hardfp_sqrt                            0x0800de19   Thumb Code   122  sqrt.o(i.__hardfp_sqrt)
    __ieee754_rem_pio2                       0x0800de99   Thumb Code   938  rred.o(i.__ieee754_rem_pio2)
    __kernel_cos                             0x0800e2d1   Thumb Code   322  cos_i.o(i.__kernel_cos)
    __kernel_poly                            0x0800e441   Thumb Code   248  poly.o(i.__kernel_poly)
    __kernel_sin                             0x0800e539   Thumb Code   280  sin_i.o(i.__kernel_sin)
    __mathlib_dbl_infnan                     0x0800e669   Thumb Code    20  dunder.o(i.__mathlib_dbl_infnan)
    __mathlib_dbl_invalid                    0x0800e681   Thumb Code    24  dunder.o(i.__mathlib_dbl_invalid)
    __mathlib_dbl_underflow                  0x0800e6a1   Thumb Code    24  dunder.o(i.__mathlib_dbl_underflow)
    fabs                                     0x0800e6c1   Thumb Code    24  fabs.o(i.fabs)
    __aeabi_dneg                             0x0800e6d9   Thumb Code     0  basic.o(x$fpl$basic)
    _dneg                                    0x0800e6d9   Thumb Code     6  basic.o(x$fpl$basic)
    __aeabi_fneg                             0x0800e6df   Thumb Code     0  basic.o(x$fpl$basic)
    _fneg                                    0x0800e6df   Thumb Code     6  basic.o(x$fpl$basic)
    _dabs                                    0x0800e6e5   Thumb Code     6  basic.o(x$fpl$basic)
    _fabs                                    0x0800e6eb   Thumb Code     6  basic.o(x$fpl$basic)
    __aeabi_d2f                              0x0800e6f1   Thumb Code     0  d2f.o(x$fpl$d2f)
    _d2f                                     0x0800e6f1   Thumb Code    98  d2f.o(x$fpl$d2f)
    __aeabi_dadd                             0x0800e755   Thumb Code     0  daddsub_clz.o(x$fpl$dadd)
    _dadd                                    0x0800e755   Thumb Code   332  daddsub_clz.o(x$fpl$dadd)
    __fpl_dcmp_Inf                           0x0800e8a5   Thumb Code    24  dcmpi.o(x$fpl$dcmpinf)
    __aeabi_ddiv                             0x0800e8bd   Thumb Code     0  ddiv.o(x$fpl$ddiv)
    _ddiv                                    0x0800e8bd   Thumb Code   552  ddiv.o(x$fpl$ddiv)
    __aeabi_d2iz                             0x0800eb6d   Thumb Code     0  dfix.o(x$fpl$dfix)
    _dfix                                    0x0800eb6d   Thumb Code    94  dfix.o(x$fpl$dfix)
    __aeabi_d2uiz                            0x0800ebcd   Thumb Code     0  dfixu.o(x$fpl$dfixu)
    _dfixu                                   0x0800ebcd   Thumb Code    90  dfixu.o(x$fpl$dfixu)
    __aeabi_i2d                              0x0800ec27   Thumb Code     0  dflt_clz.o(x$fpl$dflt)
    _dflt                                    0x0800ec27   Thumb Code    46  dflt_clz.o(x$fpl$dflt)
    __aeabi_l2d                              0x0800ec55   Thumb Code     0  dfltll_clz.o(x$fpl$dfltll)
    _ll_sto_d                                0x0800ec55   Thumb Code   162  dfltll_clz.o(x$fpl$dfltll)
    __aeabi_ui2d                             0x0800ecf7   Thumb Code     0  dflt_clz.o(x$fpl$dfltu)
    _dfltu                                   0x0800ecf7   Thumb Code    38  dflt_clz.o(x$fpl$dfltu)
    __aeabi_cdcmple                          0x0800ed1d   Thumb Code     0  dleqf.o(x$fpl$dleqf)
    _dcmple                                  0x0800ed1d   Thumb Code   120  dleqf.o(x$fpl$dleqf)
    __fpl_dcmple_InfNaN                      0x0800ed7f   Thumb Code     0  dleqf.o(x$fpl$dleqf)
    __aeabi_dmul                             0x0800ed95   Thumb Code     0  dmul.o(x$fpl$dmul)
    _dmul                                    0x0800ed95   Thumb Code   332  dmul.o(x$fpl$dmul)
    __fpl_dnaninf                            0x0800eee9   Thumb Code   156  dnaninf.o(x$fpl$dnaninf)
    __fpl_dretinf                            0x0800ef85   Thumb Code    12  dretinf.o(x$fpl$dretinf)
    __aeabi_cdrcmple                         0x0800ef91   Thumb Code     0  drleqf.o(x$fpl$drleqf)
    _drcmple                                 0x0800ef91   Thumb Code   108  drleqf.o(x$fpl$drleqf)
    __aeabi_drsub                            0x0800effd   Thumb Code     0  daddsub_clz.o(x$fpl$drsb)
    _drsb                                    0x0800effd   Thumb Code    22  daddsub_clz.o(x$fpl$drsb)
    _dsqrt                                   0x0800f015   Thumb Code   404  dsqrt_umaal.o(x$fpl$dsqrt)
    __aeabi_dsub                             0x0800f1ad   Thumb Code     0  daddsub_clz.o(x$fpl$dsub)
    _dsub                                    0x0800f1ad   Thumb Code   464  daddsub_clz.o(x$fpl$dsub)
    __aeabi_f2d                              0x0800f381   Thumb Code     0  f2d.o(x$fpl$f2d)
    _f2d                                     0x0800f381   Thumb Code    86  f2d.o(x$fpl$f2d)
    __fpl_fnaninf                            0x0800f3d7   Thumb Code   140  fnaninf.o(x$fpl$fnaninf)
    _fp_init                                 0x0800f463   Thumb Code    10  fpinit.o(x$fpl$fpinit)
    __fplib_config_fpu_vfp                   0x0800f46b   Thumb Code     0  fpinit.o(x$fpl$fpinit)
    __fplib_config_pureend_doubles           0x0800f46b   Thumb Code     0  fpinit.o(x$fpl$fpinit)
    __fpl_fretinf                            0x0800f46d   Thumb Code    10  fretinf.o(x$fpl$fretinf)
    __I$use$fp                               0x0800f476   Number         0  usenofp.o(x$fpl$usenofp)
    asc2_1206                                0x0800f476   Data        1140  lcd.o(.constdata)
    asc2_1608                                0x0800f8ea   Data        1520  lcd.o(.constdata)
    asc2_2412                                0x0800feda   Data        3420  lcd.o(.constdata)
    g_SineWave128                            0x08010c36   Data         256  dac.o(.constdata)
    g_SineWave64                             0x08010d36   Data         128  dac.o(.constdata)
    FT5206_TPX_TBL                           0x08010db6   Data          10  ft5206.o(.constdata)
    GT9147_CFG_TBL                           0x08010dc0   Data         184  gt9147.o(.constdata)
    GT9147_TPX_TBL                           0x08010e78   Data          10  gt9147.o(.constdata)
    OTT_TPX_TBL                              0x08010e82   Data          10  ott2001a.o(.constdata)
    TP_REMIND_MSG_TBL                        0x08010e8c   Data           4  touch.o(.constdata)
    FSMC_DefaultTimingStruct                 0x08010e90   Data          28  stm32f4xx_fsmc.o(.constdata)
    armBitRevTable                           0x08010eac   Data        2048  arm_common_tables.o(.constdata)
    twiddleCoef_4096                         0x080116ac   Data       32768  arm_common_tables.o(.constdata)
    Region$$Table$$Base                      0x08019874   Number         0  anon$$obj.o(Region$$Table)
    Region$$Table$$Limit                     0x08019894   Number         0  anon$$obj.o(Region$$Table)
    cnt                                      0x20000000   Data           2  main.o(.data)
    THD                                      0x20000008   Data           8  main.o(.data)
    thd1                                     0x20000010   Data           8  main.o(.data)
    thd2                                     0x20000018   Data           8  main.o(.data)
    thd3                                     0x20000020   Data           8  main.o(.data)
    thd4                                     0x20000028   Data           8  main.o(.data)
    thd5                                     0x20000030   Data           8  main.o(.data)
    display_f_a_delay_cnt                    0x20000038   Data           2  main.o(.data)
    wave_jugde                               0x2000003a   Data           2  main.o(.data)
    Recent_A                                 0x20000040   Data           8  main.o(.data)
    Recent_Freq                              0x20000048   Data           8  main.o(.data)
    tim_1024_judge                           0x20000050   Data           2  main.o(.data)
    max                                      0x20000054   Data           4  main.o(.data)
    max_index                                0x20000058   Data           4  main.o(.data)
    second                                   0x2000005c   Data           4  main.o(.data)
    second_index                             0x20000060   Data           4  main.o(.data)
    third                                    0x20000064   Data           4  main.o(.data)
    third_index                              0x20000068   Data           4  main.o(.data)
    Freq_FFT                                 0x2000006c   Data           2  main.o(.data)
    Vpp_Sin                                  0x20000070   Data           4  main.o(.data)
    Vpp_tri                                  0x20000074   Data           4  main.o(.data)
    Vpp_Squa                                 0x20000078   Data           4  main.o(.data)
    VPP_ALL                                  0x2000007c   Data           4  main.o(.data)
    SystemCoreClock                          0x20000080   Data           4  system_stm32f4xx.o(.data)
    AHBPrescTable                            0x20000084   Data          16  system_stm32f4xx.o(.data)
    POINT_COLOR                              0x20000094   Data           2  lcd.o(.data)
    BACK_COLOR                               0x20000096   Data           2  lcd.o(.data)
    tp_dev                                   0x2000009c   Data          52  touch.o(.data)
    CMD_RDX                                  0x200000d0   Data           1  touch.o(.data)
    CMD_RDY                                  0x200000d1   Data           1  touch.o(.data)
    t                                        0x200000d8   Data           1  button_app.o(.data)
    i                                        0x200000d9   Data           1  button_app.o(.data)
    Freq_yuzhi                               0x200000e0   Data           8  button_app.o(.data)
    A_yuzhi                                  0x200000e8   Data           8  button_app.o(.data)
    Freq_judge                               0x200000f0   Data           2  button_app.o(.data)
    A_judge                                  0x200000f2   Data           2  button_app.o(.data)
    sweep_judge                              0x200000f4   Data           2  button_app.o(.data)
    cnt_tim                                  0x200000f6   Data           2  adc.o(.data)
    __stdout                                 0x200000fc   Data           4  usart.o(.data)
    USART_RX_STA                             0x20000100   Data           2  usart.o(.data)
    adc_get                                  0x20000114   Data        4096  main.o(.bss)
    fft_inputbuf                             0x20001114   Data        8192  main.o(.bss)
    fft_outputbuf                            0x20003114   Data        4096  main.o(.bss)
    output_tmp                               0x20004114   Data        4096  main.o(.bss)
    lcddev                                   0x20005114   Data          14  lcd.o(.bss)
    DAC_Data                                 0x20005122   Data         100  dac.o(.bss)
    g_Wave1                                  0x20005186   Data         256  dac.o(.bss)
    USART_RX_BUF                             0x20005286   Data         200  usart.o(.bss)
    __libspace_start                         0x20005350   Data          96  libspace.o(.bss)
    __temporary_stack_top$libspace           0x200053b0   Data           0  libspace.o(.bss)



==============================================================================

Memory Map of the image

  Image Entry point : 0x08000189

  Load Region LR_IROM1 (Base: 0x08000000, Size: 0x000199a8, Max: 0x00100000, ABSOLUTE)

    Execution Region ER_IROM1 (Exec base: 0x08000000, Load base: 0x08000000, Size: 0x00019894, Max: 0x00100000, ABSOLUTE)

    Exec Addr    Load Addr    Size         Type   Attr      Idx    E Section Name        Object

    0x08000000   0x08000000   0x00000188   Data   RO          717    RESET               startup_stm32f40_41xxx.o
    0x08000188   0x08000188   0x00000008   Code   RO         1684  * !!!main             c_w.l(__main.o)
    0x08000190   0x08000190   0x00000034   Code   RO         1988    !!!scatter          c_w.l(__scatter.o)
    0x080001c4   0x080001c4   0x0000001a   Code   RO         1990    !!handler_copy      c_w.l(__scatter_copy.o)
    0x080001de   0x080001de   0x00000002   PAD
    0x080001e0   0x080001e0   0x0000001c   Code   RO         1992    !!handler_zi        c_w.l(__scatter_zi.o)
    0x080001fc   0x080001fc   0x00000000   Code   RO         1679    .ARM.Collect$$_printf_percent$$00000000  c_w.l(_printf_percent.o)
    0x080001fc   0x080001fc   0x00000006   Code   RO         1678    .ARM.Collect$$_printf_percent$$00000009  c_w.l(_printf_d.o)
    0x08000202   0x08000202   0x00000006   Code   RO         1677    .ARM.Collect$$_printf_percent$$0000000C  c_w.l(_printf_x.o)
    0x08000208   0x08000208   0x00000006   Code   RO         1676    .ARM.Collect$$_printf_percent$$00000014  c_w.l(_printf_s.o)
    0x0800020e   0x0800020e   0x00000004   Code   RO         1757    .ARM.Collect$$_printf_percent$$00000017  c_w.l(_printf_percent_end.o)
    0x08000212   0x08000212   0x00000002   Code   RO         1861    .ARM.Collect$$libinit$$00000000  c_w.l(libinit.o)
    0x08000214   0x08000214   0x00000004   Code   RO         1868    .ARM.Collect$$libinit$$00000001  c_w.l(libinit2.o)
    0x08000218   0x08000218   0x00000000   Code   RO         1871    .ARM.Collect$$libinit$$00000004  c_w.l(libinit2.o)
    0x08000218   0x08000218   0x00000000   Code   RO         1874    .ARM.Collect$$libinit$$0000000A  c_w.l(libinit2.o)
    0x08000218   0x08000218   0x00000000   Code   RO         1876    .ARM.Collect$$libinit$$0000000C  c_w.l(libinit2.o)
    0x08000218   0x08000218   0x00000000   Code   RO         1878    .ARM.Collect$$libinit$$0000000E  c_w.l(libinit2.o)
    0x08000218   0x08000218   0x00000000   Code   RO         1881    .ARM.Collect$$libinit$$00000011  c_w.l(libinit2.o)
    0x08000218   0x08000218   0x00000000   Code   RO         1883    .ARM.Collect$$libinit$$00000013  c_w.l(libinit2.o)
    0x08000218   0x08000218   0x00000000   Code   RO         1885    .ARM.Collect$$libinit$$00000015  c_w.l(libinit2.o)
    0x08000218   0x08000218   0x00000000   Code   RO         1887    .ARM.Collect$$libinit$$00000017  c_w.l(libinit2.o)
    0x08000218   0x08000218   0x00000000   Code   RO         1889    .ARM.Collect$$libinit$$00000019  c_w.l(libinit2.o)
    0x08000218   0x08000218   0x00000000   Code   RO         1891    .ARM.Collect$$libinit$$0000001B  c_w.l(libinit2.o)
    0x08000218   0x08000218   0x00000000   Code   RO         1893    .ARM.Collect$$libinit$$0000001D  c_w.l(libinit2.o)
    0x08000218   0x08000218   0x00000000   Code   RO         1895    .ARM.Collect$$libinit$$0000001F  c_w.l(libinit2.o)
    0x08000218   0x08000218   0x00000000   Code   RO         1897    .ARM.Collect$$libinit$$00000021  c_w.l(libinit2.o)
    0x08000218   0x08000218   0x00000000   Code   RO         1899    .ARM.Collect$$libinit$$00000023  c_w.l(libinit2.o)
    0x08000218   0x08000218   0x00000000   Code   RO         1901    .ARM.Collect$$libinit$$00000025  c_w.l(libinit2.o)
    0x08000218   0x08000218   0x00000000   Code   RO         1905    .ARM.Collect$$libinit$$0000002C  c_w.l(libinit2.o)
    0x08000218   0x08000218   0x00000000   Code   RO         1907    .ARM.Collect$$libinit$$0000002E  c_w.l(libinit2.o)
    0x08000218   0x08000218   0x00000000   Code   RO         1909    .ARM.Collect$$libinit$$00000030  c_w.l(libinit2.o)
    0x08000218   0x08000218   0x00000000   Code   RO         1911    .ARM.Collect$$libinit$$00000032  c_w.l(libinit2.o)
    0x08000218   0x08000218   0x00000002   Code   RO         1912    .ARM.Collect$$libinit$$00000033  c_w.l(libinit2.o)
    0x0800021a   0x0800021a   0x00000002   Code   RO         1940    .ARM.Collect$$libshutdown$$00000000  c_w.l(libshutdown.o)
    0x0800021c   0x0800021c   0x00000000   Code   RO         1954    .ARM.Collect$$libshutdown$$00000002  c_w.l(libshutdown2.o)
    0x0800021c   0x0800021c   0x00000000   Code   RO         1956    .ARM.Collect$$libshutdown$$00000004  c_w.l(libshutdown2.o)
    0x0800021c   0x0800021c   0x00000000   Code   RO         1959    .ARM.Collect$$libshutdown$$00000007  c_w.l(libshutdown2.o)
    0x0800021c   0x0800021c   0x00000000   Code   RO         1962    .ARM.Collect$$libshutdown$$0000000A  c_w.l(libshutdown2.o)
    0x0800021c   0x0800021c   0x00000000   Code   RO         1964    .ARM.Collect$$libshutdown$$0000000C  c_w.l(libshutdown2.o)
    0x0800021c   0x0800021c   0x00000000   Code   RO         1967    .ARM.Collect$$libshutdown$$0000000F  c_w.l(libshutdown2.o)
    0x0800021c   0x0800021c   0x00000002   Code   RO         1968    .ARM.Collect$$libshutdown$$00000010  c_w.l(libshutdown2.o)
    0x0800021e   0x0800021e   0x00000000   Code   RO         1746    .ARM.Collect$$rtentry$$00000000  c_w.l(__rtentry.o)
    0x0800021e   0x0800021e   0x00000000   Code   RO         1802    .ARM.Collect$$rtentry$$00000002  c_w.l(__rtentry2.o)
    0x0800021e   0x0800021e   0x00000006   Code   RO         1814    .ARM.Collect$$rtentry$$00000004  c_w.l(__rtentry4.o)
    0x08000224   0x08000224   0x00000000   Code   RO         1804    .ARM.Collect$$rtentry$$00000009  c_w.l(__rtentry2.o)
    0x08000224   0x08000224   0x00000004   Code   RO         1805    .ARM.Collect$$rtentry$$0000000A  c_w.l(__rtentry2.o)
    0x08000228   0x08000228   0x00000000   Code   RO         1807    .ARM.Collect$$rtentry$$0000000C  c_w.l(__rtentry2.o)
    0x08000228   0x08000228   0x00000008   Code   RO         1808    .ARM.Collect$$rtentry$$0000000D  c_w.l(__rtentry2.o)
    0x08000230   0x08000230   0x00000002   Code   RO         1862    .ARM.Collect$$rtexit$$00000000  c_w.l(rtexit.o)
    0x08000232   0x08000232   0x00000000   Code   RO         1914    .ARM.Collect$$rtexit$$00000002  c_w.l(rtexit2.o)
    0x08000232   0x08000232   0x00000004   Code   RO         1915    .ARM.Collect$$rtexit$$00000003  c_w.l(rtexit2.o)
    0x08000236   0x08000236   0x00000006   Code   RO         1916    .ARM.Collect$$rtexit$$00000004  c_w.l(rtexit2.o)
    0x0800023c   0x0800023c   0x000005f0   Code   RO            3    .text               main.o
    0x0800082c   0x0800082c   0x0000001a   Code   RO          209    .text               stm32f4xx_it.o
    0x08000846   0x08000846   0x00000002   PAD
    0x08000848   0x08000848   0x00000210   Code   RO          258    .text               system_stm32f4xx.o
    0x08000a58   0x08000a58   0x00004c80   Code   RO          284    .text               lcd.o
    0x080056d8   0x080056d8   0x000006b0   Code   RO          329    .text               dac.o
    0x08005d88   0x08005d88   0x0000017a   Code   RO          353    .text               24cxx.o
    0x08005f02   0x08005f02   0x00000002   PAD
    0x08005f04   0x08005f04   0x0000025c   Code   RO          373    .text               myiic.o
    0x08006160   0x08006160   0x00000164   Code   RO          393    .text               key.o
    0x080062c4   0x080062c4   0x00000040   Code   RO          414    .text               led.o
    0x08006304   0x08006304   0x00000254   Code   RO          434    .text               ctiic.o
    0x08006558   0x08006558   0x0000032c   Code   RO          454    .text               ft5206.o
    0x08006884   0x08006884   0x00000430   Code   RO          478    .text               gt9147.o
    0x08006cb4   0x08006cb4   0x00000388   Code   RO          502    .text               ott2001a.o
    0x0800703c   0x0800703c   0x000010e0   Code   RO          526    .text               touch.o
    0x0800811c   0x0800811c   0x00001b6c   Code   RO          554    .text               button_app.o
    0x08009c88   0x08009c88   0x00000194   Code   RO          583    .text               adc.o
    0x08009e1c   0x08009e1c   0x000001a0   Code   RO          626    .text               sweep.o
    0x08009fbc   0x08009fbc   0x00000104   Code   RO          646    .text               delay.o
    0x0800a0c0   0x0800a0c0   0x00000148   Code   RO          686    .text               usart.o
    0x0800a208   0x0800a208   0x00000040   Code   RO          718    .text               startup_stm32f40_41xxx.o
    0x0800a248   0x0800a248   0x000000e0   Code   RO          724    .text               misc.o
    0x0800a328   0x0800a328   0x00000464   Code   RO          744    .text               stm32f4xx_adc.o
    0x0800a78c   0x0800a78c   0x00000210   Code   RO          764    .text               stm32f4xx_dac.o
    0x0800a99c   0x0800a99c   0x00000294   Code   RO          784    .text               stm32f4xx_gpio.o
    0x0800ac30   0x0800ac30   0x000005c8   Code   RO          804    .text               stm32f4xx_fsmc.o
    0x0800b1f8   0x0800b1f8   0x0000065c   Code   RO          827    .text               stm32f4xx_rcc.o
    0x0800b854   0x0800b854   0x00000454   Code   RO          869    .text               stm32f4xx_usart.o
    0x0800bca8   0x0800bca8   0x00000ca2   Code   RO          909    .text               stm32f4xx_tim.o
    0x0800c94a   0x0800c94a   0x00000002   PAD
    0x0800c94c   0x0800c94c   0x000003a8   Code   RO         1261    .text               stm32f4xx_dma.o
    0x0800ccf4   0x0800ccf4   0x000000f0   Code   RO         1441    .text               arm_cortexM4lf_math.lib(arm_cmplx_mag_f32.o)
    0x0800cde4   0x0800cde4   0x000006a0   Code   RO         1486    .text               arm_cortexM4lf_math.lib(arm_cfft_radix4_f32.o)
    0x0800d484   0x0800d484   0x000000c0   Code   RO         1506    .text               arm_cortexM4lf_math.lib(arm_cfft_radix4_init_f32.o)
    0x0800d544   0x0800d544   0x000000d4   Code   RO         1530    .text               arm_cortexM4lf_math.lib(arm_max_f32.o)
    0x0800d618   0x0800d618   0x000001e6   Code   RO         1550    .text               arm_cortexM4lf_math.lib(arm_bitreversal.o)
    0x0800d7fe   0x0800d7fe   0x00000002   Code   RO         1621    .text               c_w.l(use_no_semi_2.o)
    0x0800d800   0x0800d800   0x00000048   Code   RO         1623    .text               c_w.l(llsdiv.o)
    0x0800d848   0x0800d848   0x00000018   Code   RO         1627    .text               c_w.l(noretval__2printf.o)
    0x0800d860   0x0800d860   0x00000068   Code   RO         1629    .text               c_w.l(__printf.o)
    0x0800d8c8   0x0800d8c8   0x00000052   Code   RO         1631    .text               c_w.l(_printf_str.o)
    0x0800d91a   0x0800d91a   0x00000002   PAD
    0x0800d91c   0x0800d91c   0x00000078   Code   RO         1633    .text               c_w.l(_printf_dec.o)
    0x0800d994   0x0800d994   0x00000058   Code   RO         1638    .text               c_w.l(_printf_hex_int.o)
    0x0800d9ec   0x0800d9ec   0x00000080   Code   RO         1680    .text               c_w.l(strcmpv7m.o)
    0x0800da6c   0x0800da6c   0x00000006   Code   RO         1682    .text               c_w.l(heapauxi.o)
    0x0800da72   0x0800da72   0x00000002   Code   RO         1744    .text               c_w.l(use_no_semi.o)
    0x0800da74   0x0800da74   0x000000ee   Code   RO         1747    .text               c_w.l(lludivv7m.o)
    0x0800db62   0x0800db62   0x00000016   Code   RO         1749    .text               c_w.l(_rserrno.o)
    0x0800db78   0x0800db78   0x000000b2   Code   RO         1751    .text               c_w.l(_printf_intcommon.o)
    0x0800dc2a   0x0800dc2a   0x0000002c   Code   RO         1753    .text               c_w.l(_printf_char.o)
    0x0800dc56   0x0800dc56   0x00000002   PAD
    0x0800dc58   0x0800dc58   0x00000024   Code   RO         1755    .text               c_w.l(_printf_char_file.o)
    0x0800dc7c   0x0800dc7c   0x00000008   Code   RO         1823    .text               c_w.l(rt_errno_addr_intlibspace.o)
    0x0800dc84   0x0800dc84   0x00000030   Code   RO         1825    .text               c_w.l(_printf_char_common.o)
    0x0800dcb4   0x0800dcb4   0x00000008   Code   RO         1827    .text               c_w.l(ferror.o)
    0x0800dcbc   0x0800dcbc   0x00000008   Code   RO         1845    .text               c_w.l(libspace.o)
    0x0800dcc4   0x0800dcc4   0x0000004a   Code   RO         1848    .text               c_w.l(sys_stackheap_outer.o)
    0x0800dd0e   0x0800dd0e   0x00000012   Code   RO         1854    .text               c_w.l(exit.o)
    0x0800dd20   0x0800dd20   0x00000030   Code   RO         1841    i.__ARM_fpclassify  m_wm.l(fpclassify.o)
    0x0800dd50   0x0800dd50   0x000000c8   Code   RO         1720    i.__hardfp_sin      m_wm.l(sin.o)
    0x0800de18   0x0800de18   0x0000007a   Code   RO         1732    i.__hardfp_sqrt     m_wm.l(sqrt.o)
    0x0800de92   0x0800de92   0x00000006   PAD
    0x0800de98   0x0800de98   0x00000438   Code   RO         1790    i.__ieee754_rem_pio2  m_wm.l(rred.o)
    0x0800e2d0   0x0800e2d0   0x00000170   Code   RO         1773    i.__kernel_cos      m_wm.l(cos_i.o)
    0x0800e440   0x0800e440   0x000000f8   Code   RO         1843    i.__kernel_poly     m_wm.l(poly.o)
    0x0800e538   0x0800e538   0x00000130   Code   RO         1795    i.__kernel_sin      m_wm.l(sin_i.o)
    0x0800e668   0x0800e668   0x00000014   Code   RO         1777    i.__mathlib_dbl_infnan  m_wm.l(dunder.o)
    0x0800e67c   0x0800e67c   0x00000004   PAD
    0x0800e680   0x0800e680   0x00000020   Code   RO         1779    i.__mathlib_dbl_invalid  m_wm.l(dunder.o)
    0x0800e6a0   0x0800e6a0   0x00000020   Code   RO         1782    i.__mathlib_dbl_underflow  m_wm.l(dunder.o)
    0x0800e6c0   0x0800e6c0   0x00000018   Code   RO         1837    i.fabs              m_wm.l(fabs.o)
    0x0800e6d8   0x0800e6d8   0x00000018   Code   RO         1758    x$fpl$basic         fz_wm.l(basic.o)
    0x0800e6f0   0x0800e6f0   0x00000062   Code   RO         1686    x$fpl$d2f           fz_wm.l(d2f.o)
    0x0800e752   0x0800e752   0x00000002   PAD
    0x0800e754   0x0800e754   0x00000150   Code   RO         1688    x$fpl$dadd          fz_wm.l(daddsub_clz.o)
    0x0800e8a4   0x0800e8a4   0x00000018   Code   RO         1760    x$fpl$dcmpinf       fz_wm.l(dcmpi.o)
    0x0800e8bc   0x0800e8bc   0x000002b0   Code   RO         1695    x$fpl$ddiv          fz_wm.l(ddiv.o)
    0x0800eb6c   0x0800eb6c   0x0000005e   Code   RO         1831    x$fpl$dfix          fz_wm.l(dfix.o)
    0x0800ebca   0x0800ebca   0x00000002   PAD
    0x0800ebcc   0x0800ebcc   0x0000005a   Code   RO         1698    x$fpl$dfixu         fz_wm.l(dfixu.o)
    0x0800ec26   0x0800ec26   0x0000002e   Code   RO         1703    x$fpl$dflt          fz_wm.l(dflt_clz.o)
    0x0800ec54   0x0800ec54   0x000000a2   Code   RO         1708    x$fpl$dfltll        fz_wm.l(dfltll_clz.o)
    0x0800ecf6   0x0800ecf6   0x00000026   Code   RO         1702    x$fpl$dfltu         fz_wm.l(dflt_clz.o)
    0x0800ed1c   0x0800ed1c   0x00000078   Code   RO         1712    x$fpl$dleqf         fz_wm.l(dleqf.o)
    0x0800ed94   0x0800ed94   0x00000154   Code   RO         1714    x$fpl$dmul          fz_wm.l(dmul.o)
    0x0800eee8   0x0800eee8   0x0000009c   Code   RO         1762    x$fpl$dnaninf       fz_wm.l(dnaninf.o)
    0x0800ef84   0x0800ef84   0x0000000c   Code   RO         1764    x$fpl$dretinf       fz_wm.l(dretinf.o)
    0x0800ef90   0x0800ef90   0x0000006c   Code   RO         1716    x$fpl$drleqf        fz_wm.l(drleqf.o)
    0x0800effc   0x0800effc   0x00000016   Code   RO         1689    x$fpl$drsb          fz_wm.l(daddsub_clz.o)
    0x0800f012   0x0800f012   0x00000002   PAD
    0x0800f014   0x0800f014   0x00000198   Code   RO         1766    x$fpl$dsqrt         fz_wm.l(dsqrt_umaal.o)
    0x0800f1ac   0x0800f1ac   0x000001d4   Code   RO         1690    x$fpl$dsub          fz_wm.l(daddsub_clz.o)
    0x0800f380   0x0800f380   0x00000056   Code   RO         1718    x$fpl$f2d           fz_wm.l(f2d.o)
    0x0800f3d6   0x0800f3d6   0x0000008c   Code   RO         1768    x$fpl$fnaninf       fz_wm.l(fnaninf.o)
    0x0800f462   0x0800f462   0x0000000a   Code   RO         1928    x$fpl$fpinit        fz_wm.l(fpinit.o)
    0x0800f46c   0x0800f46c   0x0000000a   Code   RO         1770    x$fpl$fretinf       fz_wm.l(fretinf.o)
    0x0800f476   0x0800f476   0x00000000   Code   RO         1772    x$fpl$usenofp       fz_wm.l(usenofp.o)
    0x0800f476   0x0800f476   0x000017c0   Data   RO          286    .constdata          lcd.o
    0x08010c36   0x08010c36   0x00000180   Data   RO          331    .constdata          dac.o
    0x08010db6   0x08010db6   0x0000000a   Data   RO          455    .constdata          ft5206.o
    0x08010dc0   0x08010dc0   0x000000c2   Data   RO          479    .constdata          gt9147.o
    0x08010e82   0x08010e82   0x0000000a   Data   RO          503    .constdata          ott2001a.o
    0x08010e8c   0x08010e8c   0x00000004   Data   RO          527    .constdata          touch.o
    0x08010e90   0x08010e90   0x0000001c   Data   RO          805    .constdata          stm32f4xx_fsmc.o
    0x08010eac   0x08010eac   0x00000800   Data   RO         1570    .constdata          arm_cortexM4lf_math.lib(arm_common_tables.o)
    0x080116ac   0x080116ac   0x00008000   Data   RO         1579    .constdata          arm_cortexM4lf_math.lib(arm_common_tables.o)
    0x080196ac   0x080196ac   0x00000028   Data   RO         1639    .constdata          c_w.l(_printf_hex_int.o)
    0x080196d4   0x080196d4   0x00000004   PAD
    0x080196d8   0x080196d8   0x00000030   Data   RO         1774    .constdata          m_wm.l(cos_i.o)
    0x08019708   0x08019708   0x000000c8   Data   RO         1792    .constdata          m_wm.l(rred.o)
    0x080197d0   0x080197d0   0x00000028   Data   RO         1796    .constdata          m_wm.l(sin_i.o)
    0x080197f8   0x080197f8   0x00000079   Data   RO          528    .conststring        touch.o
    0x08019871   0x08019871   0x00000003   PAD
    0x08019874   0x08019874   0x00000020   Data   RO         1986    Region$$Table       anon$$obj.o


    Execution Region RW_IRAM1 (Exec base: 0x20000000, Load base: 0x08019894, Size: 0x000059b0, Max: 0x00020000, ABSOLUTE)

    Exec Addr    Load Addr    Size         Type   Attr      Idx    E Section Name        Object

    0x20000000   0x08019894   0x00000080   Data   RW            5    .data               main.o
    0x20000080   0x08019914   0x00000014   Data   RW          259    .data               system_stm32f4xx.o
    0x20000094   0x08019928   0x00000004   Data   RW          287    .data               lcd.o
    0x20000098   0x0801992c   0x00000001   Data   RW          394    .data               key.o
    0x20000099   0x0801992d   0x00000001   Data   RW          456    .data               ft5206.o
    0x2000009a   0x0801992e   0x00000001   Data   RW          480    .data               gt9147.o
    0x2000009b   0x0801992f   0x00000001   Data   RW          504    .data               ott2001a.o
    0x2000009c   0x08019930   0x00000036   Data   RW          529    .data               touch.o
    0x200000d2   0x08019966   0x00000006   PAD
    0x200000d8   0x0801996c   0x0000001e   Data   RW          557    .data               button_app.o
    0x200000f6   0x0801998a   0x00000002   Data   RW          584    .data               adc.o
    0x200000f8   0x0801998c   0x00000004   Data   RW          647    .data               delay.o
    0x200000fc   0x08019990   0x00000006   Data   RW          688    .data               usart.o
    0x20000102   0x08019996   0x00000010   Data   RW          828    .data               stm32f4xx_rcc.o
    0x20000112   0x080199a6   0x00000002   PAD
    0x20000114        -       0x00005000   Zero   RW            4    .bss                main.o
    0x20005114        -       0x0000000e   Zero   RW          285    .bss                lcd.o
    0x20005122        -       0x00000164   Zero   RW          330    .bss                dac.o
    0x20005286        -       0x000000c8   Zero   RW          687    .bss                usart.o
    0x2000534e   0x080199a6   0x00000002   PAD
    0x20005350        -       0x00000060   Zero   RW         1846    .bss                c_w.l(libspace.o)
    0x200053b0        -       0x00000200   Zero   RW          716    HEAP                startup_stm32f40_41xxx.o
    0x200055b0        -       0x00000400   Zero   RW          715    STACK               startup_stm32f40_41xxx.o


==============================================================================

Image component sizes


      Code (inc. data)   RO Data    RW Data    ZI Data      Debug   Object Name

       378          0          0          0          0       2830   24cxx.o
       404         26          0          2          0       1921   adc.o
      7020        412          0         30          0       6069   button_app.o
       596         24          0          0          0       2093   ctiic.o
      1712         80        384          0        356       5827   dac.o
       260          8          0          4          0       1493   delay.o
       812         40         10          1          0       2559   ft5206.o
      1072         78        194          1          0       3102   gt9147.o
       356         18          0          1          0       1163   key.o
     19584        174       6080          4         14      22914   lcd.o
        64          4          0          0          0        531   led.o
      1520        248          0        128      20480     335787   main.o
       224         20          0          0          0       1829   misc.o
       604         14          0          0          0       1928   myiic.o
       904         66         10          1          0       2771   ott2001a.o
        64         26        392          0       1536        836   startup_stm32f40_41xxx.o
      1124         24          0          0          0      10702   stm32f4xx_adc.o
       528          6          0          0          0       5057   stm32f4xx_dac.o
       936         32          0          0          0       6405   stm32f4xx_dma.o
      1480         18         28          0          0       5666   stm32f4xx_fsmc.o
       660         44          0          0          0       4169   stm32f4xx_gpio.o
        26          0          0          0          0       1230   stm32f4xx_it.o
      1628         52          0         16          0      13052   stm32f4xx_rcc.o
      3234         60          0          0          0      23028   stm32f4xx_tim.o
      1108         34          0          0          0       7896   stm32f4xx_usart.o
       416         18          0          0          0        938   sweep.o
       528         46          0         20          0       1795   system_stm32f4xx.o
      4320        228        125         54          0       6889   touch.o
       328         16          0          6        200       3342   usart.o

    ----------------------------------------------------------------------
     51896       1816       7258        276      22588     483822   Object Totals
         0          0         32          0          0          0   (incl. Generated)
         6          0          3          8          2          0   (incl. Padding)

    ----------------------------------------------------------------------

      Code (inc. data)   RO Data    RW Data    ZI Data      Debug   Library Member Name

       486          0          0          0          0       2210   arm_bitreversal.o
      1696          0          0          0          0       4744   arm_cfft_radix4_f32.o
       192         46          0          0          0        767   arm_cfft_radix4_init_f32.o
       240          4          0          0          0      16312   arm_cmplx_mag_f32.o
         0          0      34816          0          0       2517   arm_common_tables.o
       212          0          0          0          0       1238   arm_max_f32.o
         8          0          0          0          0         68   __main.o
       104          0          0          0          0         84   __printf.o
         0          0          0          0          0          0   __rtentry.o
        12          0          0          0          0          0   __rtentry2.o
         6          0          0          0          0          0   __rtentry4.o
        52          8          0          0          0          0   __scatter.o
        26          0          0          0          0          0   __scatter_copy.o
        28          0          0          0          0          0   __scatter_zi.o
        44          0          0          0          0        108   _printf_char.o
        48          6          0          0          0         96   _printf_char_common.o
        36          4          0          0          0         80   _printf_char_file.o
         6          0          0          0          0          0   _printf_d.o
       120         16          0          0          0         92   _printf_dec.o
        88          4         40          0          0         88   _printf_hex_int.o
       178          0          0          0          0         88   _printf_intcommon.o
         0          0          0          0          0          0   _printf_percent.o
         4          0          0          0          0          0   _printf_percent_end.o
         6          0          0          0          0          0   _printf_s.o
        82          0          0          0          0         80   _printf_str.o
         6          0          0          0          0          0   _printf_x.o
        22          0          0          0          0        100   _rserrno.o
        18          0          0          0          0         80   exit.o
         8          0          0          0          0         68   ferror.o
         6          0          0          0          0        152   heapauxi.o
         2          0          0          0          0          0   libinit.o
         6          0          0          0          0          0   libinit2.o
         2          0          0          0          0          0   libshutdown.o
         2          0          0          0          0          0   libshutdown2.o
         8          4          0          0         96         68   libspace.o
        72          0          0          0          0         76   llsdiv.o
       238          0          0          0          0        100   lludivv7m.o
        24          4          0          0          0         84   noretval__2printf.o
         8          4          0          0          0         68   rt_errno_addr_intlibspace.o
         2          0          0          0          0          0   rtexit.o
        10          0          0          0          0          0   rtexit2.o
       128          0          0          0          0         68   strcmpv7m.o
        74          0          0          0          0         80   sys_stackheap_outer.o
         2          0          0          0          0         68   use_no_semi.o
         2          0          0          0          0         68   use_no_semi_2.o
        24          0          0          0          0        164   basic.o
        98          4          0          0          0        140   d2f.o
       826         16          0          0          0        492   daddsub_clz.o
        24          0          0          0          0        116   dcmpi.o
       688        140          0          0          0        256   ddiv.o
        94          4          0          0          0        140   dfix.o
        90          4          0          0          0        140   dfixu.o
        84          0          0          0          0        232   dflt_clz.o
       162          0          0          0          0        132   dfltll_clz.o
       120          4          0          0          0        140   dleqf.o
       340         12          0          0          0        152   dmul.o
       156          4          0          0          0        140   dnaninf.o
        12          0          0          0          0        116   dretinf.o
       108          0          0          0          0        128   drleqf.o
       408         56          0          0          0        168   dsqrt_umaal.o
        86          4          0          0          0        132   f2d.o
       140          4          0          0          0        132   fnaninf.o
        10          0          0          0          0        116   fpinit.o
        10          0          0          0          0        116   fretinf.o
         0          0          0          0          0          0   usenofp.o
       368         46         48          0          0        200   cos_i.o
        84         16          0          0          0        372   dunder.o
        24          0          0          0          0        124   fabs.o
        48          0          0          0          0        124   fpclassify.o
       248          0          0          0          0        152   poly.o
      1080        142        200          0          0        188   rred.o
       200         20          0          0          0        164   sin.o
       304         24         40          0          0        208   sin_i.o
       122          0          0          0          0        148   sqrt.o

    ----------------------------------------------------------------------
     10294        600      35148          0         96      34484   Library Totals
        22          0          4          0          0          0   (incl. Padding)

    ----------------------------------------------------------------------

      Code (inc. data)   RO Data    RW Data    ZI Data      Debug   Library Name

      2826         50      34816          0          0      27788   arm_cortexM4lf_math.lib
      1488         50         40          0         96       1864   c_w.l
      3480        252          0          0          0       3152   fz_wm.l
      2478        248        288          0          0       1680   m_wm.l

    ----------------------------------------------------------------------
     10294        600      35148          0         96      34484   Library Totals

    ----------------------------------------------------------------------

==============================================================================


      Code (inc. data)   RO Data    RW Data    ZI Data      Debug   

     62190       2416      42406        276      22684     508370   Grand Totals
     62190       2416      42406        276      22684     508370   ELF Image Totals
     62190       2416      42406        276          0          0   ROM Totals

==============================================================================

    Total RO  Size (Code + RO Data)               104596 ( 102.14kB)
    Total RW  Size (RW Data + ZI Data)             22960 (  22.42kB)
    Total ROM Size (Code + RO Data + RW Data)     104872 ( 102.41kB)

==============================================================================

